   Compiling memchr v2.8.2
   Compiling aho-corasick v1.1.4
   Compiling serde_json v1.0.150
   Compiling referencing v0.28.3
   Compiling regex-automata v0.4.14
   Compiling fancy-regex v0.14.0
   Compiling jsonschema v0.28.3
   Compiling axon-esf v0.3.2 (https://github.com/DocumentDrivenDX/axon?tag=v0.3.2#64d2bf60)
   Compiling pqueue-core v0.14.0 (/home/erik/.cache/ddx/exec-wt/.execute-bead-wt-pqueue-80bb468c-20260713T165054-2cf0838b/crates/pqueue-core)
   Compiling pqueue-engine v0.14.0 (/home/erik/.cache/ddx/exec-wt/.execute-bead-wt-pqueue-80bb468c-20260713T165054-2cf0838b/crates/pqueue-engine)
   Compiling pqueue-projection v0.14.0 (/home/erik/.cache/ddx/exec-wt/.execute-bead-wt-pqueue-80bb468c-20260713T165054-2cf0838b/crates/pqueue-projection)
   Compiling pqueue-conformance v0.14.0 (/home/erik/.cache/ddx/exec-wt/.execute-bead-wt-pqueue-80bb468c-20260713T165054-2cf0838b/crates/pqueue-conformance)
   Compiling pqueue-memory v0.14.0 (/home/erik/.cache/ddx/exec-wt/.execute-bead-wt-pqueue-80bb468c-20260713T165054-2cf0838b/crates/pqueue-memory)
   Compiling pqueue-sqlite v0.14.0 (/home/erik/.cache/ddx/exec-wt/.execute-bead-wt-pqueue-80bb468c-20260713T165054-2cf0838b/crates/pqueue-sqlite)
    Finished `test` profile [unoptimized + debuginfo] target(s) in 46.17s
     Running unittests src/lib.rs (target/debug/deps/pqueue_sqlite-0d34944a2e71d06d)

running 14 tests
test relational::group_summary_tests::request_id_push_conflicts_on_different_body ... ok
test relational::group_summary_tests::finalize_release_returns_item_to_the_group_summary ... ok
test relational::group_summary_tests::sqlite_terminal_reap_sweeps_with_cursor_conjunction ... ok
test relational::group_summary_tests::group_summary_tracks_eligibility_through_the_lifecycle ... ok
test relational::group_summary_tests::cohort_expired_drains_the_group_summary ... ok
test relational::group_summary_tests::pending_purge_records_no_retention_tombstone ... ok
test relational::group_summary_tests::sqlite_terminal_reap_opt_out_ignores_cursor ... ok
test relational::group_summary_tests::group_batching_discovers_group_that_becomes_due_by_time ... ok
test relational::group_summary_tests::push_without_request_id_still_appends_each_call ... ok
test relational::group_summary_tests::lease_expiry_returns_item_to_the_group_summary ... ok
test relational::group_summary_tests::request_id_push_replays_prior_ids_without_second_append ... ok
test relational::group_summary_tests::due_refresh_keeps_gate_blocked_groups_unclaimable ... ok
test relational::group_summary_tests::same_group_claim_discovers_group_that_becomes_due_by_time ... ok
test relational::group_summary_tests::group_summary_survives_reopen ... ok

test result: ok. 14 passed; 0 failed; 0 ignored; 0 measured; 0 filtered out; finished in 0.29s

     Running tests/composed_commit_duplicate_unique_index.rs (target/debug/deps/composed_commit_duplicate_unique_index-b1d3d2ae4a4618c1)

running 2 tests
test composed_sqlite_relational_rejects_in_commit_duplicate_unique_key_and_reopens_clean ... ok
test composed_sqlite_log_rejects_in_commit_duplicate_unique_key_and_reopens_clean ... ok

test result: ok. 2 passed; 0 failed; 0 ignored; 0 measured; 0 filtered out; finished in 1.55s

     Running tests/composed_log_projection_reconnect.rs (target/debug/deps/composed_log_projection_reconnect-90ad7d4c361efec2)

running 4 tests
test reconnect_after_crash_preserves_committed_state ... ok
test reconnect_preserves_terminal_and_pending_state ... ok
test reconnect_after_rejected_mutation_has_no_phantom_commit ... ok
test reconnect_preserves_leased_item_state ... ok

test result: ok. 4 passed; 0 failed; 0 ignored; 0 measured; 0 filtered out; finished in 2.48s

     Running tests/composed_log_reconnect.rs (target/debug/deps/composed_log_reconnect-ae6238661719780f)

running 5 tests
test reconnect_after_crash_preserves_committed_state ... ok
test reconnect_after_rejected_mutation_has_no_phantom_commit ... ok
test reconnect_preserves_leased_item_state ... ok
test reconnect_preserves_terminal_and_pending_state ... ok
test emission_cursor_persists_across_reopen_sqlite_log ... ok

test result: ok. 5 passed; 0 failed; 0 ignored; 0 measured; 0 filtered out; finished in 1.27s

     Running tests/composed_relational_parity.rs (target/debug/deps/composed_relational_parity-6ebf5950dac6df8d)

running 8 tests
test composed_log_replay_claim_stays_unavailable_for_non_item_units ... ok
test composed_log_replay_discovery_stays_unavailable ... ok
test composed_relational_set_gates_and_gate_bearing_push_accepted ... ok
test composed_relational_discover_active_scopes_rolls_up ... ok
test composed_relational_fenced_rich_claim_leaves_group_summary_unchanged ... ok
test composed_relational_whole_cohort_claim_selects_and_leases ... ok
test composed_relational_same_group_key_claim_selects ... ok
test composed_relational_whole_group_claim_selects ... ok

test result: ok. 8 passed; 0 failed; 0 ignored; 0 measured; 0 filtered out; finished in 0.04s

     Running tests/composed_relational_reconnect.rs (target/debug/deps/composed_relational_reconnect-fd017bd4ab08fd6e)

running 8 tests
test composed_relational_recover_replays_tail ... ok
test reconnect_preserves_terminal_and_pending_state ... ok
test reconnect_after_crash_preserves_committed_state ... ok
test composed_relational_recovery_seeds_counters ... ok
test reconnect_after_rejected_mutation_has_no_phantom_commit ... ok
test emission_cursor_persists_across_reopen_sqlite_relational ... ok
test composed_relational_reap_all_does_not_resurrect_ids ... ok
test reconnect_preserves_leased_item_state ... ok

test result: ok. 8 passed; 0 failed; 0 ignored; 0 measured; 0 filtered out; finished in 0.41s

     Running tests/composed_relational_terminal_reap.rs (target/debug/deps/composed_relational_terminal_reap-5fd2b58981e4d1fb)

running 2 tests
test reap_ignores_emission_cursor_for_opted_out_queue ... ok
test reap_waits_for_emission_cursor_on_opted_in_queue ... ok

test result: ok. 2 passed; 0 failed; 0 ignored; 0 measured; 0 filtered out; finished in 0.01s

     Running tests/conformance.rs (target/debug/deps/conformance-f88bd03a1de6aff7)

running 41 tests
test claimed_item_shape_includes_payload_fields_and_gate_keys ... ok
test claimed_item_shape_omits_empty_conditionals ... ok
test claim_empty_when_nothing_eligible ... ok
test claim_compatibility_is_resolved_and_gated ... ok
test claim_fences_superseded_owner_epoch ... ok
test claim_then_complete_lifecycle ... ok
test high_water_advances_on_each_commit ... ok
test epoch_fence_closes_pre_segment_window ... ok
test purge_removes_present_items_and_gates_leased ... ok
test fenced_lease_finalize_is_stale ... ok
test push_fences_superseded_owner_epoch ... ok
test claimed_view_renders_leased_items ... ok
test claim_returns_priority_ordered_rich_items ... ok
test finalize_of_nonleased_item_is_rejected_without_appending ... ok
test peek_is_priority_ordered_and_nondestructive ... ok
test push_then_select_eligible_in_priority_order ... ok
test successful_push_is_visible_before_response_returns ... ok
test snapshots_write_read_latest ... ok
test rejected_finalize_leaves_visible_state_unchanged ... ok
test structured_live_items_are_ordered_and_only_live ... ok
test retry_with_backoff_defers_eligibility ... ok
test reassign_swaps_token_and_charges_attempt ... ok
test high_water_is_monotonic ... ok
test request_id_push_replays_once_and_conflicts_on_body_change ... ok
test renew_extends_lease_and_rejects ... ok
test retry_beyond_max_attempts_goes_terminal ... ok
test replace_pending_supersedes_old ... ok
test rejected_mutations_do_not_append_commands ... ok
test paused_queue_yields_no_claims ... ok
test upsert_rejects_claimed_and_terminal ... ok
test reclaim_expired_sweeps_per_queue ... ok
test stale_epoch_append_is_fenced ... ok
test upsert_preserves_group_delay_and_payload_in_claim_shape ... ok
test tick_reclaims_expired_lease_with_no_client_traffic ... ok
test pending_lists_leased_items ... ok
test claimed_item_shape_reflects_update_fields_after_reclaim ... ok
test tick_lease_boundary_is_half_open ... ok
test commit_transition_shared_scenario_runs_against_sqlite_log_replay ... ok
test pause_and_fence_reconstruct_from_log ... ok
test upsert_inserts_then_replaces_pending ... ok
test update_fields_merges_and_cas ... ok

test result: ok. 41 passed; 0 failed; 0 ignored; 0 measured; 0 filtered out; finished in 0.08s

     Running tests/cross_family_parity.rs (target/debug/deps/cross_family_parity-9228d6a256dae49a)

running 1 test
test in_memory_and_relational_families_are_core_identical ... ok

test result: ok. 1 passed; 0 failed; 0 ignored; 0 measured; 0 filtered out; finished in 0.01s

     Running tests/durability.rs (target/debug/deps/durability-acb3f7d5c22ea42f)

running 4 tests
test snapshots_round_trip_and_latest_is_most_recent ... ok
test high_water_persists_across_reopen ... ok
test projection_rebuilds_from_durable_log_on_reopen ... ok
test orchestration_writes_after_reopen_do_not_collide ... ok

test result: ok. 4 passed; 0 failed; 0 ignored; 0 measured; 0 filtered out; finished in 1.29s

     Running tests/hybrid_async_backpressure.rs (target/debug/deps/hybrid_async_backpressure-73321b0f36622744)

running 13 tests
test hybrid_async_backpressure_a_clean_batch_resets_the_consecutive_retry_count_before_poison ... ok
test hybrid_async_backpressure_admission_gate_rejects_mutations_only_under_hard_backpressure ... ok
test hybrid_async_backpressure_backpressure_count_and_duration_are_tracked ... ok
test hybrid_async_backpressure_any_single_metric_at_its_hard_limit_trips_backpressure ... ok
test hybrid_async_backpressure_debt_crosses_soft_then_hard_bands ... ok
test hybrid_async_backpressure_hard_backpressure_holds_until_debt_clears_below_half_after_a_clean_batch ... ok
test hybrid_async_backpressure_metrics_snapshot_exposes_the_full_observability_surface ... ok
test hybrid_async_backpressure_non_contiguous_apply_poisons_immediately ... ok
test hybrid_async_backpressure_recovery_high_water_is_withheld_under_hard_backpressure_and_poison ... ok
test hybrid_async_backpressure_repeated_apply_failure_poisons_and_fails_closed ... ok
test hybrid_async_backpressure_zero_threshold_is_rejected ... ok
test hybrid_async_backpressure_retention_advances_only_when_clear_and_healthy ... ok
test hybrid_async_backpressure_checkpoint_store_reports_wal_size_and_apply_lag ... ok

test result: ok. 13 passed; 0 failed; 0 ignored; 0 measured; 0 filtered out; finished in 0.01s

     Running tests/hybrid_async_chaos.rs (target/debug/deps/hybrid_async_chaos-5f3ff8fe6a3a9def)

running 10 tests
test hybrid_async_chaos_apply_backlog_gates_mutations_and_withholds_high_water_until_drained ... ok
test hybrid_async_chaos_disk_full_apply_failure_poisons_and_never_advances_past_poison ... ok
test hybrid_async_chaos_crash_after_high_water_replays_committed_batch_idempotently ... ok
test hybrid_async_chaos_crash_during_sqlite_txn_leaves_no_partial_apply_or_orphan_lease ... ok
test hybrid_async_chaos_crash_after_memory_apply_before_sqlite_apply_resumes_at_prefix ... ok
test hybrid_async_chaos_crash_after_objectlog_commit_before_apply_replays_full_tail ... ok
test hybrid_async_chaos_crash_before_response_delivery_replays_request_id ... ok
test hybrid_async_chaos_projection_poison_withholds_advanced_high_water ... ok
test hybrid_async_chaos_rolled_back_finalize_keeps_recoverable_inflight_lease ... ok
test hybrid_async_chaos_disk_loss_resets_high_water_and_rebuilds_from_log ... ok

test result: ok. 10 passed; 0 failed; 0 ignored; 0 measured; 0 filtered out; finished in 0.40s

     Running tests/hybrid_async_checkpoint.rs (target/debug/deps/hybrid_async_checkpoint-486675c9beb7f14d)

running 7 tests
test hybrid_async_checkpoint_wraps_an_existing_projection_store ... ok
test hybrid_async_checkpoint_skips_already_applied_prefix_idempotently ... ok
test hybrid_async_checkpoint_persists_idempotency_rows_through_high_water ... ok
test hybrid_async_checkpoint_applies_ordered_batches_and_advances_logical_high_water ... ok
test hybrid_async_checkpoint_records_object_log_lineage ... ok
test hybrid_async_checkpoint_distinguishes_logical_high_water_from_wal_checkpoint ... ok
test hybrid_async_checkpoint_survives_reopen_and_rehydrates_memory ... ok

test result: ok. 7 passed; 0 failed; 0 ignored; 0 measured; 0 filtered out; finished in 1.12s

     Running tests/hybrid_async_recovery.rs (target/debug/deps/hybrid_async_recovery-364b7de284dd42d6)

running 4 tests
test hybrid_async_recovery_fails_closed_on_newer_lineage_epoch ... ok
test hybrid_async_recovery_fails_closed_when_sqlite_ahead_of_log ... ok
test hybrid_async_recovery_no_lineage_still_checks_high_water ... ok
test hybrid_async_recovery_hydrates_validates_and_advertises_high_water ... ok

test result: ok. 4 passed; 0 failed; 0 ignored; 0 measured; 0 filtered out; finished in 0.18s

     Running tests/reconnect_smoke.rs (target/debug/deps/reconnect_smoke-e6bc616d5a92dae3)

running 4 tests
test reconnect_after_crash_preserves_committed_state ... ok
test reconnect_after_rejected_mutation_has_no_phantom_commit ... ok
test reconnect_preserves_leased_item_state ... ok
test reconnect_preserves_terminal_and_pending_state ... ok

test result: ok. 4 passed; 0 failed; 0 ignored; 0 measured; 0 filtered out; finished in 1.20s

     Running tests/relational_commit.rs (target/debug/deps/relational_commit-c39754a1b405af9a)

running 6 tests
test relational_commit_advances_validates_and_rejects_instance_fence ... ok
test relational_advertises_full_commit_capabilities ... ok
test relational_commit_request_id_replays_without_double_write ... ok
test schema_validation_rejects_before_append_and_idempotency_on_sqlite_relational ... ok
test relational_explain_commit_recovers_transition_and_survives_reopen ... ok
test relational_commit_rejects_bad_token_and_bad_version_without_writing ... ok

test result: ok. 6 passed; 0 failed; 0 ignored; 0 measured; 0 filtered out; finished in 0.32s

     Running tests/relational_conformance.rs (target/debug/deps/relational_conformance-6e0d20f85755b463)

running 167 tests
test adr011_typed_schema_less_queue_unaffected ... ok
test adr011_typed_scalar_and_compound_indexes_work ... ok
test claimed_view_renders_leased_items ... ok
test composed::claim_compatibility_is_resolved_and_gated ... ok
test any_blocked_key_hides_a_multi_gate_item ... ok
test composed::claim_empty_when_nothing_eligible ... ok
test claim_empty_when_nothing_eligible ... ok
test claimed_item_shape_omits_empty_conditionals ... ok
test claim_returns_priority_ordered_rich_items ... ok
test adr011_typed_missing_fields_remain_sparse ... ok
test adr011_typed_update_fields_unique_conflict_is_atomic ... ok
test claim_compatibility_is_resolved_and_gated ... ok
test adr011_typed_upsert_insert_unique_conflict_is_atomic ... ok
test claim_then_complete_lifecycle ... ok
test composed::claimed_item_shape_omits_empty_conditionals ... ok
test cohort_push_rejects_divergent_size_and_overfill ... ok
test adr011_typed_purge_frees_unique_key ... ok
test composed::claim_returns_priority_ordered_rich_items ... ok
test adr011_typed_unique_conflicts_are_atomic ... ok
test composed::claim_then_complete_lifecycle ... ok
test claim_apply_leases_and_charges_delivery ... ok
test claimed_item_shape_whole_cohort_omits_per_item_lease_token ... ok
test blocked_gate_hides_items_then_clear_restores ... ok
test adr011_typed_update_fields_and_replace_rekey ... ok
test blocked_gate_on_a_cohort_member_blocks_the_whole_cohort ... ok
test cohort_renew_and_finalize_release_as_a_unit ... ok
test cohort_expired_fails_group_members ... ok
test adr011_schema_validation_rejects_before_visible_state ... ok
test composed::claimed_view_renders_leased_items ... ok
test composed::fenced_lease_finalize_is_stale ... ok
test composed::paused_queue_yields_no_claims ... ok
test composed::pending_lists_leased_items ... ok
test composed::finalize_of_nonleased_item_is_rejected_without_appending ... ok
test composed::peek_is_priority_ordered_and_nondestructive ... ok
test composed::renew_extends_lease_and_rejects ... ok
test composed::rejected_finalize_leaves_visible_state_unchanged ... ok
test composed::reassign_swaps_token_and_charges_attempt ... ok
test composed::tick_lease_boundary_is_half_open ... ok
test composed::reclaim_expired_sweeps_per_queue ... ok
test composed::replace_pending_supersedes_old ... ok
test composed::request_id_push_replays_once_and_conflicts_on_body_change ... ok
test claimed_item_shape_includes_payload_fields_and_gate_keys ... ok
test composed::purge_removes_present_items_and_gates_leased ... ok
test composed::epoch_fence_closes_pre_segment_window ... ok
test composed::retry_with_backoff_defers_eligibility ... ok
test composed::push_then_select_eligible_in_priority_order ... ok
test composed::claimed_item_shape_includes_payload_fields_and_gate_keys ... ok
test composed::successful_push_is_visible_before_response_returns ... ok
test composed::stale_epoch_append_is_fenced ... ok
test composed::tick_reclaims_expired_lease_with_no_client_traffic ... ok
test claimed_item_shape_reflects_update_fields_after_reclaim ... ok
test composed::structured_live_items_are_ordered_and_only_live ... ok
test composed::update_fields_merges_and_cas ... ok
test composed::retry_beyond_max_attempts_goes_terminal ... ok
test commit_transition_shared_scenario_runs_against_sqlite_relational ... ok
test composed::upsert_inserts_then_replaces_pending ... ok
test composed::upsert_preserves_group_delay_and_payload_in_claim_shape ... ok
test composed::upsert_rejects_claimed_and_terminal ... ok
test composed::claimed_item_shape_reflects_update_fields_after_reclaim ... ok
test composed_log_projection::claim_compatibility_is_resolved_and_gated ... ok
test composed_log_projection::claim_empty_when_nothing_eligible ... ok
test composed_log_projection::claimed_item_shape_includes_payload_fields_and_gate_keys ... ok
test composed_log_projection::claimed_item_shape_omits_empty_conditionals ... ok
test composed_log_projection::finalize_of_nonleased_item_is_rejected_without_appending ... ok
test composed_log_projection::claimed_view_renders_leased_items ... ok
test composed_log_projection::claim_then_complete_lifecycle ... ok
test composed_log_projection::high_water_is_monotonic ... ok
test composed_log_projection::claim_returns_priority_ordered_rich_items ... ok
test composed_log_projection::fenced_lease_finalize_is_stale ... ok
test composed_log_projection::epoch_fence_closes_pre_segment_window ... ok
test composed_log_projection::pending_lists_leased_items ... ok
test composed_log_projection::high_water_advances_on_each_commit ... ok
test composed_log_projection::purge_removes_present_items_and_gates_leased ... ok
test composed_log_projection::paused_queue_yields_no_claims ... ok
test composed_log_projection::peek_is_priority_ordered_and_nondestructive ... ok
test composed_log_projection::retry_with_backoff_defers_eligibility ... ok
test composed_log_projection::push_then_select_eligible_in_priority_order ... ok
test composed_log_projection::rejected_finalize_leaves_visible_state_unchanged ... ok
test composed_log_projection::rejected_mutations_do_not_append_commands ... ok
test composed_log_projection::snapshots_write_read_latest ... ok
test composed_log_projection::request_id_push_replays_once_and_conflicts_on_body_change ... ok
test composed_log_projection::renew_extends_lease_and_rejects ... ok
test composed_log_projection::replace_pending_supersedes_old ... ok
test composed_log_projection::reassign_swaps_token_and_charges_attempt ... ok
test composed_log_projection::retry_beyond_max_attempts_goes_terminal ... ok
test composed_log_projection::reclaim_expired_sweeps_per_queue ... ok
test composed_log_projection::stale_epoch_append_is_fenced ... ok
test composed_log_projection::structured_live_items_are_ordered_and_only_live ... ok
test discover_unknown_queue_is_empty_not_error ... ok
test composed_log_projection::successful_push_is_visible_before_response_returns ... ok
test discover_empty_queue_is_empty ... ok
test discover_queue_granularity_rolls_up_to_one_scope ... ok
test composed_log_projection::tick_reclaims_expired_lease_with_no_client_traffic ... ok
test epoch_fence_closes_pre_segment_window ... ok
test composed_log_projection::upsert_inserts_then_replaces_pending ... ok
test discover_excludes_groups_with_no_eligible_work ... ok
test fence_then_unfence_gate_finalize ... ok
test discover_group_granularity_ranks_oldest_first ... ok
test discover_reports_scopes_on_a_paused_queue ... ok
test group_batching_empty_and_invalid ... ok
test group_batching_respects_the_max_items_ceiling ... ok
test finalize_of_nonleased_item_is_rejected_without_appending ... ok
test finalize_complete_and_fail_are_terminal ... ok
test fenced_lease_finalize_is_stale ... ok
test composed_log_projection::tick_lease_boundary_is_half_open ... ok
test composed_log_projection::pause_and_fence_reconstruct_from_log ... ok
test composed_log_projection::update_fields_merges_and_cas ... ok
test finalize_retry_respects_attempt_bound ... ok
test reassign_swaps_token_and_charges_delivery ... ok
test composed_log_projection::upsert_rejects_claimed_and_terminal ... ok
test group_batching_oversized_group_is_batch_too_large ... ok
test composed_log_projection::upsert_preserves_group_delay_and_payload_in_claim_shape ... ok
test pending_lists_leased_items ... ok
test peek_is_priority_ordered_and_nondestructive ... ok
test purge_removes_items_and_gates_leased ... ok
test group_claim_yields_nothing_while_paused ... ok
test purge_removes_present_items_and_gates_leased ... ok
test paused_queue_yields_no_claims ... ok
test composed_log_projection::claimed_item_shape_reflects_update_fields_after_reclaim ... ok
test reclaim_expired_sweeps_per_queue ... ok
test push_then_select_eligible_in_priority_order ... ok
test rejected_finalize_leaves_visible_state_unchanged ... ok
test purged_terminal_key_is_retained_against_repush ... ok
test item_level_finalize_and_renew_reject_cohort_members ... ok
test sqlite_relational_conformance_historical_projection_read_is_explicit ... ok
test group_batching_leases_whole_groups_oldest_first ... ok
test renew_extends_lease_deadline ... ok
test reassign_swaps_token_and_charges_attempt ... ok
test successful_push_is_visible_before_response_returns ... ok
test retry_beyond_max_attempts_goes_terminal ... ok
test structured_live_items_are_ordered_and_only_live ... ok
test request_id_push_replays_once_and_conflicts_on_body_change ... ok
test reclaim_tick_expires_incomplete_cohort ... ok
test replace_pending_supersedes_old ... ok
test tick_reclaims_expired_lease_with_no_client_traffic ... ok
test typed_index_update_fields_unique_conflict_is_atomic ... ok
test released_item_keeps_its_fifo_slot ... ok
test stale_epoch_append_is_fenced ... ok
test finalize_release_and_rearm_return_to_pending ... ok
test typed_index_push_then_lookup_nonunique ... ok
test tick_lease_boundary_is_half_open ... ok
test renew_extends_lease_and_rejects ... ok
test retry_with_backoff_defers_eligibility ... ok
test tick_reclaims_expired_lease ... ok
test typed_unique_index_conflict_is_rejected ... ok
test sqlite_relational_log_replay_branch_read_as_of ... ok
test typed_index_push_then_get_unique ... ok
test same_group_key_leases_one_server_selected_group ... ok
test typed_index_update_fields_moves_index_key ... ok
test typed_index_purge_frees_unique_key ... ok
test typed_index_replace_pending_updates_index ... ok
test typed_unique_index_within_batch_conflict_rejected ... ok
test upsert_inserts_then_replaces_then_rejects ... ok
test terminal_cohort_retention_blocks_then_allows_group_reuse_with_new_id ... ok
test update_fields_merges_and_cas ... ok
test typed_index_schema_less_queue_unaffected ... ok
test upsert_inserts_then_replaces_pending ... ok
test whole_cohort_skips_an_incomplete_cohort ... ok
test upsert_rejects_claimed_and_terminal ... ok
test ungated_items_are_unaffected_by_a_blocked_gate ... ok
test whole_cohort_skips_when_a_member_is_not_eligible ... ok
test upsert_preserves_group_delay_and_payload_in_claim_shape ... ok
test whole_cohort_oversized_is_batch_too_large ... ok
test whole_cohort_ignores_non_cohort_group_members ... ok
test whole_cohort_leases_a_complete_cohort ... ok
test typed_index_reopen_preserves_rows ... ok
test reopen_restores_id_counter_and_state ... ok

test result: ok. 167 passed; 0 failed; 0 ignored; 0 measured; 0 filtered out; finished in 0.92s

     Running tests/relational_reconnect.rs (target/debug/deps/relational_reconnect-6887c565c0fa8677)

running 10 tests
test reconnect_after_crash_preserves_committed_state ... ok
test reconnect_preserves_terminal_and_pending_state ... ok
test open_upgrades_existing_relational_items_table_with_metadata_column ... ok
test leased_item_survives_reopen_but_loses_its_live_token ... ok
test retention_tombstone_survives_reopen ... ok
test recovery_high_water_tracks_applied_position_after_reopen ... ok
test truncate_then_recover_exact_state ... ok
test reopened_queue_accepts_new_push_and_claim ... ok
test reconnect_after_rejected_mutation_has_no_phantom_commit ... ok
test reconnect_preserves_leased_item_state ... ok

test result: ok. 10 passed; 0 failed; 0 ignored; 0 measured; 0 filtered out; finished in 0.52s

     Running tests/sqlite_projection_tests.rs (target/debug/deps/sqlite_projection_tests-a08fdc34d725af97)

running 10 tests
test projection_rejects_replay_gaps ... ok
test hybrid_chaos_replay_overlap_skips_idempotent_prefix_and_applies_tail ... ok
test hybrid_projection_poisoned_after_sqlite_commit_memory_apply_failure ... ok
test apply_committed_batch_applies_segment_in_one_transaction ... ok
test projection_replays_committed_push_claim_finalize ... ok
test sqlite_projection_image_exports_hydratable_recovery_image ... ok
test hybrid_projection_hydrates_from_sqlite_before_returning_high_water ... ok
test hybrid_chaos_secondary_index_and_metrics_match_sqlite_image ... ok
test hybrid_projection_applies_sqlite_first_and_serves_memory_parity ... ok
test hybrid_chaos_sqlite_commit_before_memory_failure_poisons_and_recovers ... ok

test result: ok. 10 passed; 0 failed; 0 ignored; 0 measured; 0 filtered out; finished in 0.14s

   Doc-tests pqueue_sqlite

running 0 tests

test result: ok. 0 passed; 0 failed; 0 ignored; 0 measured; 0 filtered out; finished in 0.00s


__EXIT_CODE__=0
