bead: pqueue-1363098f
status: blocked
reason: 10M release-tier objectlog/hybrid evidence was not run in this isolated execution worktree because the smoke hot-path comparison did not satisfy the release gate: claim/finalize p95 was 1.610x objectlog/inmemory, above the allowed 1.200x. Running the 10M ignored release command would be expensive and is expected to fail the same gate until the hot-path delta is addressed or the release lane demonstrates different behavior.

release_command:
PQUEUE_LEDGER_DIR="$PWD/docs/perf/evidence" PQUEUE_PERF_ENV=1 PQUEUE_HYBRID_RESIDENT=10000000 cargo test -p pqueue-server --release --test performance_object_log_hybrid_tests performance_object_log_hybrid_release_10m -- --ignored --nocapture

preflight_command:
cargo test -p pqueue-server --release --test performance_object_log_hybrid_tests -- --list

preflight_raw_output:
    Finished `release` profile [optimized] target(s) in 0.27s
     Running tests/performance_object_log_hybrid_tests.rs (target/release/deps/performance_object_log_hybrid_tests-2c9684c76d9bf5a4)
performance_object_log_hybrid_release_10m: test
performance_object_log_hybrid_smoke: test

2 tests, 0 benchmarks

smoke_command:
PQUEUE_LEDGER_DIR="$PWD/docs/perf/evidence" cargo test -p pqueue-server --release --test performance_object_log_hybrid_tests performance_object_log_hybrid_smoke -- --nocapture

smoke_raw_output:
   Compiling pqueue-server v0.5.0 (/Users/erik/Projects/.ddx-exec-wt/.execute-bead-wt-pqueue-1363098f-20260701T033345-fdb4b473/crates/pqueue-server)
    Finished `release` profile [optimized] target(s) in 1.68s
     Running tests/performance_object_log_hybrid_tests.rs (target/release/deps/performance_object_log_hybrid_tests-2c9684c76d9bf5a4)

running 1 test
emitted hybrid evidence -> /Users/erik/Projects/.ddx-exec-wt/.execute-bead-wt-pqueue-1363098f-20260701T033345-fdb4b473/docs/perf/evidence/performance_object_log_hybrid_smoke.jsonl
hybrid ack p99 ratio vs inmemory: 1.116; claim/finalize p95 ratio: 1.610
test performance_object_log_hybrid_smoke ... ok

test result: ok. 1 passed; 0 failed; 0 ignored; 0 measured; 1 filtered out; finished in 0.71s
