warning: methods `move_to_root` and `indexbtree_move_to_unpacked` are never used
    --> vendor/turso_core/storage/btree.rs:1463:8
     |
 841 | impl BTreeCursor {
     | ---------------- methods in this implementation
...
1463 |     fn move_to_root(&mut self) -> Result<Option<Completion>> {
     |        ^^^^^^^^^^^^
...
1749 |     fn indexbtree_move_to_unpacked(
     |        ^^^^^^^^^^^^^^^^^^^^^^^^^^^
     |
     = note: `#[warn(dead_code)]` (part of `#[warn(unused)]`) on by default

warning: function pointer comparisons do not produce meaningful results since their addresses are not guaranteed to be unique
   --> vendor/turso_core/types.rs:499:5
    |
494 | #[derive(Debug, Clone, PartialEq)]
    |                        --------- in this derive macro expansion
...
499 |     pub step_fn: StepFunction,
    |     ^^^^^^^^^^^^^^^^^^^^^^^^^
    |
    = note: the address of the same function can vary between different codegen units
    = note: furthermore, different functions could have the same address after being merged together
    = note: for more information visit <https://doc.rust-lang.org/nightly/core/ptr/fn.fn_addr_eq.html>
    = note: `#[warn(unpredictable_function_pointer_comparisons)]` on by default

warning: function pointer comparisons do not produce meaningful results since their addresses are not guaranteed to be unique
   --> vendor/turso_core/types.rs:500:5
    |
494 | #[derive(Debug, Clone, PartialEq)]
    |                        --------- in this derive macro expansion
...
500 |     pub finalize_fn: FinalizeFunction,
    |     ^^^^^^^^^^^^^^^^^^^^^^^^^^^^^^^^^
    |
    = note: the address of the same function can vary between different codegen units
    = note: furthermore, different functions could have the same address after being merged together
    = note: for more information visit <https://doc.rust-lang.org/nightly/core/ptr/fn.fn_addr_eq.html>

warning: function pointer comparisons do not produce meaningful results since their addresses are not guaranteed to be unique
   --> vendor/turso_core/types.rs:501:5
    |
494 | #[derive(Debug, Clone, PartialEq)]
    |                        --------- in this derive macro expansion
...
501 |     pub aggregate_destructor: Option<ContextDestructor>,
    |     ^^^^^^^^^^^^^^^^^^^^^^^^^^^^^^^^^^^^^^^^^^^^^^^^^^^
    |
    = note: the address of the same function can vary between different codegen units
    = note: furthermore, different functions could have the same address after being merged together
    = note: for more information visit <https://doc.rust-lang.org/nightly/core/ptr/fn.fn_addr_eq.html>

warning: function pointer comparisons do not produce meaningful results since their addresses are not guaranteed to be unique
   --> vendor/turso_core/types.rs:502:5
    |
494 | #[derive(Debug, Clone, PartialEq)]
    |                        --------- in this derive macro expansion
...
502 |     pub value_destructor: Option<ValueDestructor>,
    |     ^^^^^^^^^^^^^^^^^^^^^^^^^^^^^^^^^^^^^^^^^^^^^
    |
    = note: the address of the same function can vary between different codegen units
    = note: furthermore, different functions could have the same address after being merged together
    = note: for more information visit <https://doc.rust-lang.org/nightly/core/ptr/fn.fn_addr_eq.html>

warning: hiding a lifetime that's elided elsewhere is confusing
  --> vendor/turso_core/vector/operations/text.rs:67:56
   |
67 | pub fn vector_from_text(vector_type: VectorType, text: &str) -> Result<Vector> {
   |                                                        ^^^^            ^^^^^^ the same lifetime is hidden here
   |                                                        |
   |                                                        the lifetime is elided here
   |
   = help: the same lifetime is referred to in inconsistent ways, making the signature confusing
   = note: `#[warn(mismatched_lifetime_syntaxes)]` on by default
help: use `'_` for type paths
   |
67 | pub fn vector_from_text(vector_type: VectorType, text: &str) -> Result<Vector<'_>> {
   |                                                                              ++++

warning: `turso_core` (lib) generated 6 warnings (run `cargo fix --lib -p turso_core` to apply 1 suggestion)
warning: unused import: `DatabaseRowMutation`
  --> vendor/turso_sync_engine/src/database_sync_operations.rs:37:55
   |
37 |         parse_bin_record, Coro, DatabasePullRevision, DatabaseRowMutation,
   |                                                       ^^^^^^^^^^^^^^^^^^^
   |
   = note: `#[warn(unused_imports)]` (part of `#[warn(unused)]`) on by default

warning: `turso_sync_engine` (lib) generated 1 warning (run `cargo fix --lib -p turso_sync_engine` to apply 1 suggestion)
warning: hiding a lifetime that's elided elsewhere is confusing
   --> vendor/turso_sync_sdk_kit/src/sync_engine_io.rs:211:14
    |
211 |     fn inner(&self) -> turso_sync_engine::Result<MutexGuard<SyncEngineIoCompletionInner<TBytes>>> {
    |              ^^^^^ the lifetime is elided here   ^^^^^^^^^^^^^^^^^^^^^^^^^^^^^^^^^^^^^^^^^^^^^^^ the same lifetime is hidden here
    |
    = help: the same lifetime is referred to in inconsistent ways, making the signature confusing
    = note: `#[warn(mismatched_lifetime_syntaxes)]` on by default
help: use `'_` for type paths
    |
211 |     fn inner(&self) -> turso_sync_engine::Result<MutexGuard<'_, SyncEngineIoCompletionInner<TBytes>>> {
    |                                                             +++

warning: `turso_sync_sdk_kit` (lib) generated 1 warning (run `cargo fix --lib -p turso_sync_sdk_kit` to apply 1 suggestion)
   Compiling fireweed-turso v0.31.27 (/home/erik/Projects/fireweed/crates/fireweed-turso)
error[E0433]: cannot find module or crate `serde` in this scope
    --> crates/fireweed-turso/src/projection.rs:2222:5
     |
2222 |     serde::Serializer::collect_map(
     |     ^^^^^ use of unresolved module or unlinked crate `serde`
     |
     = help: if you wanted to use a crate named `serde`, use `cargo add serde` to add it to your `Cargo.toml`

For more information about this error, try `rustc --explain E0433`.
error: could not compile `fireweed-turso` (lib) due to 1 previous error
warning: build failed, waiting for other jobs to finish...
error: could not compile `fireweed-turso` (lib test) due to 1 previous error
