    Checking num-integer v0.1.46
    Checking getrandom v0.2.17
    Checking generic-array v0.14.7
    Checking subtle v2.6.1
    Checking futures-core v0.3.32
    Checking futures-sink v0.3.32
    Checking slab v0.4.12
    Checking aegis v0.9.15
    Checking simsimd v6.5.16
    Checking futures-channel v0.3.32
    Checking rand_core v0.6.4
    Checking digest v0.11.3
    Checking time v0.3.53
   Compiling turso_sdk_kit v0.7.2 (/home/erik/Projects/fireweed/vendor/turso_sdk_kit)
    Checking num-bigint v0.4.6
    Checking num-iter v0.1.45
    Checking sha2 v0.11.0
    Checking futures-util v0.3.32
    Checking crypto-common v0.1.7
    Checking inout v0.1.4
    Checking universal-hash v0.5.1
    Checking aead v0.5.2
    Checking cipher v0.4.4
    Checking polyval v0.6.2
    Checking aes v0.8.4
    Checking ctr v0.9.2
    Checking ghash v0.5.1
    Checking aes-gcm v0.10.3
    Checking num-rational v0.4.2
    Checking bigdecimal v0.4.10
    Checking num v0.4.3
    Checking fraction v0.15.4
    Checking tracing-appender v0.2.5
    Checking jsonschema v0.28.3
    Checking turso_core v0.7.2 (/home/erik/Projects/fireweed/vendor/turso_core)
    Checking futures-executor v0.3.32
    Checking futures v0.3.32
    Checking axon-esf v0.3.2 (https://github.com/DocumentDrivenDX/axon?tag=v0.3.2#64d2bf60)
    Checking fireweed-core v0.31.27 (/home/erik/Projects/fireweed/crates/fireweed-core)
    Checking fireweed-engine v0.31.27 (/home/erik/Projects/fireweed/crates/fireweed-engine)
    Checking fireweed-projection v0.31.27 (/home/erik/Projects/fireweed/crates/fireweed-projection)
    Checking fireweed-relational v0.31.27 (/home/erik/Projects/fireweed/crates/fireweed-relational)
warning: methods `move_to_root` and `indexbtree_move_to_unpacked` are never used
    --> vendor/turso_core/storage/btree.rs:1463:8
     |
 841 | impl BTreeCursor {
     | ---------------- methods in this implementation
...
1463 |     fn move_to_root(&mut self) -> Result<Option<Completion>> {
     |        ^^^^^^^^^^^^
...
1749 |     fn indexbtree_move_to_unpacked(
     |        ^^^^^^^^^^^^^^^^^^^^^^^^^^^
     |
     = note: `#[warn(dead_code)]` (part of `#[warn(unused)]`) on by default

warning: function pointer comparisons do not produce meaningful results since their addresses are not guaranteed to be unique
   --> vendor/turso_core/types.rs:499:5
    |
494 | #[derive(Debug, Clone, PartialEq)]
    |                        --------- in this derive macro expansion
...
499 |     pub step_fn: StepFunction,
    |     ^^^^^^^^^^^^^^^^^^^^^^^^^
    |
    = note: the address of the same function can vary between different codegen units
    = note: furthermore, different functions could have the same address after being merged together
    = note: for more information visit <https://doc.rust-lang.org/nightly/core/ptr/fn.fn_addr_eq.html>
    = note: `#[warn(unpredictable_function_pointer_comparisons)]` on by default

warning: function pointer comparisons do not produce meaningful results since their addresses are not guaranteed to be unique
   --> vendor/turso_core/types.rs:500:5
    |
494 | #[derive(Debug, Clone, PartialEq)]
    |                        --------- in this derive macro expansion
...
500 |     pub finalize_fn: FinalizeFunction,
    |     ^^^^^^^^^^^^^^^^^^^^^^^^^^^^^^^^^
    |
    = note: the address of the same function can vary between different codegen units
    = note: furthermore, different functions could have the same address after being merged together
    = note: for more information visit <https://doc.rust-lang.org/nightly/core/ptr/fn.fn_addr_eq.html>

warning: function pointer comparisons do not produce meaningful results since their addresses are not guaranteed to be unique
   --> vendor/turso_core/types.rs:501:5
    |
494 | #[derive(Debug, Clone, PartialEq)]
    |                        --------- in this derive macro expansion
...
501 |     pub aggregate_destructor: Option<ContextDestructor>,
    |     ^^^^^^^^^^^^^^^^^^^^^^^^^^^^^^^^^^^^^^^^^^^^^^^^^^^
    |
    = note: the address of the same function can vary between different codegen units
    = note: furthermore, different functions could have the same address after being merged together
    = note: for more information visit <https://doc.rust-lang.org/nightly/core/ptr/fn.fn_addr_eq.html>

warning: function pointer comparisons do not produce meaningful results since their addresses are not guaranteed to be unique
   --> vendor/turso_core/types.rs:502:5
    |
494 | #[derive(Debug, Clone, PartialEq)]
    |                        --------- in this derive macro expansion
...
502 |     pub value_destructor: Option<ValueDestructor>,
    |     ^^^^^^^^^^^^^^^^^^^^^^^^^^^^^^^^^^^^^^^^^^^^^
    |
    = note: the address of the same function can vary between different codegen units
    = note: furthermore, different functions could have the same address after being merged together
    = note: for more information visit <https://doc.rust-lang.org/nightly/core/ptr/fn.fn_addr_eq.html>

warning: hiding a lifetime that's elided elsewhere is confusing
  --> vendor/turso_core/vector/operations/text.rs:67:56
   |
67 | pub fn vector_from_text(vector_type: VectorType, text: &str) -> Result<Vector> {
   |                                                        ^^^^            ^^^^^^ the same lifetime is hidden here
   |                                                        |
   |                                                        the lifetime is elided here
   |
   = help: the same lifetime is referred to in inconsistent ways, making the signature confusing
   = note: `#[warn(mismatched_lifetime_syntaxes)]` on by default
help: use `'_` for type paths
   |
67 | pub fn vector_from_text(vector_type: VectorType, text: &str) -> Result<Vector<'_>> {
   |                                                                              ++++

warning: `turso_core` (lib) generated 6 warnings (run `cargo fix --lib -p turso_core` to apply 1 suggestion)
    Checking turso_sync_engine v0.7.2 (/home/erik/Projects/fireweed/vendor/turso_sync_engine)
warning: unused import: `DatabaseRowMutation`
  --> vendor/turso_sync_engine/src/database_sync_operations.rs:37:55
   |
37 |         parse_bin_record, Coro, DatabasePullRevision, DatabaseRowMutation,
   |                                                       ^^^^^^^^^^^^^^^^^^^
   |
   = note: `#[warn(unused_imports)]` (part of `#[warn(unused)]`) on by default

warning: `turso_sync_engine` (lib) generated 1 warning (run `cargo fix --lib -p turso_sync_engine` to apply 1 suggestion)
    Checking turso_sync_sdk_kit v0.7.2 (/home/erik/Projects/fireweed/vendor/turso_sync_sdk_kit)
warning: hiding a lifetime that's elided elsewhere is confusing
   --> vendor/turso_sync_sdk_kit/src/sync_engine_io.rs:211:14
    |
211 |     fn inner(&self) -> turso_sync_engine::Result<MutexGuard<SyncEngineIoCompletionInner<TBytes>>> {
    |              ^^^^^ the lifetime is elided here   ^^^^^^^^^^^^^^^^^^^^^^^^^^^^^^^^^^^^^^^^^^^^^^^ the same lifetime is hidden here
    |
    = help: the same lifetime is referred to in inconsistent ways, making the signature confusing
    = note: `#[warn(mismatched_lifetime_syntaxes)]` on by default
help: use `'_` for type paths
    |
211 |     fn inner(&self) -> turso_sync_engine::Result<MutexGuard<'_, SyncEngineIoCompletionInner<TBytes>>> {
    |                                                             +++

warning: `turso_sync_sdk_kit` (lib) generated 1 warning (run `cargo fix --lib -p turso_sync_sdk_kit` to apply 1 suggestion)
    Checking turso v0.7.2 (/home/erik/Projects/fireweed/vendor/turso)
    Checking fireweed-turso v0.31.27 (/home/erik/Projects/fireweed/crates/fireweed-turso)
warning: function `cohort_id_for` is never used
   --> crates/fireweed-turso/src/projection.rs:388:4
    |
388 | fn cohort_id_for(group_key: &str, now: i64) -> String {
    |    ^^^^^^^^^^^^^
    |
    = note: `#[warn(dead_code)]` (part of `#[warn(unused)]`) on by default

warning: function `cohort_retention_until` is never used
   --> crates/fireweed-turso/src/projection.rs:392:4
    |
392 | fn cohort_retention_until(definition: &QueueDefinition, now: i64) -> i64 {
    |    ^^^^^^^^^^^^^^^^^^^^^^

warning: constant `PUSH_ITEM_CHUNK` is never used
   --> crates/fireweed-turso/src/projection.rs:410:7
    |
410 | const PUSH_ITEM_CHUNK: usize = 47; // 47 * 19 binds = 893
    |       ^^^^^^^^^^^^^^^

warning: constant `PUSH_GATE_CHUNK` is never used
   --> crates/fireweed-turso/src/projection.rs:411:7
    |
411 | const PUSH_GATE_CHUNK: usize = 225; // 225 * 4 binds = 900
    |       ^^^^^^^^^^^^^^^

warning: constant `COHORT_READ_CHUNK` is never used
   --> crates/fireweed-turso/src/projection.rs:418:7
    |
418 | const COHORT_READ_CHUNK: usize = 898; // tenant + queue + 898 group binds = 900
    |       ^^^^^^^^^^^^^^^^^

warning: constant `COHORT_GENERATION_WRITE_CHUNK` is never used
   --> crates/fireweed-turso/src/projection.rs:419:7
    |
419 | const COHORT_GENERATION_WRITE_CHUNK: usize = 90; // 90 * 10 row binds = 900
    |       ^^^^^^^^^^^^^^^^^^^^^^^^^^^^^

warning: constant `COHORT_ACTIVE_WRITE_CHUNK` is never used
   --> crates/fireweed-turso/src/projection.rs:420:7
    |
420 | const COHORT_ACTIVE_WRITE_CHUNK: usize = 224; // tenant + queue + 224 * 4 updates = 898
    |       ^^^^^^^^^^^^^^^^^^^^^^^^^

warning: constant `SCHEDULE_UPDATE_CHUNK` is never used
   --> crates/fireweed-turso/src/projection.rs:421:7
    |
421 | const SCHEDULE_UPDATE_CHUNK: usize = 299; // tenant + queue + 299 * 3 updates = 899
    |       ^^^^^^^^^^^^^^^^^^^^^

warning: constant `GATE_BLOCK_WRITE_CHUNK` is never used
   --> crates/fireweed-turso/src/projection.rs:422:7
    |
422 | const GATE_BLOCK_WRITE_CHUNK: usize = 300; // 300 * 3 row binds = 900
    |       ^^^^^^^^^^^^^^^^^^^^^^

warning: constant `GATE_UNBLOCK_WRITE_CHUNK` is never used
   --> crates/fireweed-turso/src/projection.rs:423:7
    |
423 | const GATE_UNBLOCK_WRITE_CHUNK: usize = 898; // tenant + queue + 898 gate binds = 900
    |       ^^^^^^^^^^^^^^^^^^^^^^^^

warning: constant `SIDE_RECORD_WRITE_CHUNK` is never used
   --> crates/fireweed-turso/src/projection.rs:424:7
    |
424 | const SIDE_RECORD_WRITE_CHUNK: usize = 225; // 225 * 4 row binds = 900
    |       ^^^^^^^^^^^^^^^^^^^^^^^

warning: constant `KEY_RETENTION_WRITE_CHUNK` is never used
   --> crates/fireweed-turso/src/projection.rs:425:7
    |
425 | const KEY_RETENTION_WRITE_CHUNK: usize = 180; // 180 * 5 row binds = 900
    |       ^^^^^^^^^^^^^^^^^^^^^^^^^

warning: constant `CURSOR_UPDATE_CHUNK` is never used
   --> crates/fireweed-turso/src/projection.rs:426:7
    |
426 | const CURSOR_UPDATE_CHUNK: usize = 225; // 225 * 4 row binds = 900
    |       ^^^^^^^^^^^^^^^^^^^

warning: constant `API001_UPDATE_CHUNK` is never used
   --> crates/fireweed-turso/src/projection.rs:427:7
    |
427 | const API001_UPDATE_CHUNK: usize = 89; // tenant + queue + 89 * 10 row binds = 892
    |       ^^^^^^^^^^^^^^^^^^^

warning: constant `API001_GATE_DELETE_CHUNK` is never used
   --> crates/fireweed-turso/src/projection.rs:428:7
    |
428 | const API001_GATE_DELETE_CHUNK: usize = 898; // tenant + queue + 898 item binds = 900
    |       ^^^^^^^^^^^^^^^^^^^^^^^^

warning: function `check_typed_unique_conflicts` is never used
   --> crates/fireweed-turso/src/projection.rs:501:10
    |
501 | async fn check_typed_unique_conflicts(
    |          ^^^^^^^^^^^^^^^^^^^^^^^^^^^^

warning: function `insert_typed_index_rows` is never used
   --> crates/fireweed-turso/src/projection.rs:546:10
    |
546 | async fn insert_typed_index_rows(
    |          ^^^^^^^^^^^^^^^^^^^^^^^

warning: function `delete_typed_index_rows` is never used
   --> crates/fireweed-turso/src/projection.rs:581:10
    |
581 | async fn delete_typed_index_rows(
    |          ^^^^^^^^^^^^^^^^^^^^^^^

warning: function `replace_typed_indexes_for_entity` is never used
   --> crates/fireweed-turso/src/projection.rs:597:10
    |
597 | async fn replace_typed_indexes_for_entity(
    |          ^^^^^^^^^^^^^^^^^^^^^^^^^^^^^^^^

warning: function `upsert_cohorts` is never used
   --> crates/fireweed-turso/src/projection.rs:706:10
    |
706 | async fn upsert_cohorts(
    |          ^^^^^^^^^^^^^^

warning: function `cohort_item_ids` is never used
   --> crates/fireweed-turso/src/projection.rs:884:10
    |
884 | async fn cohort_item_ids(
    |          ^^^^^^^^^^^^^^^

warning: function `groups_for_items` is never used
   --> crates/fireweed-turso/src/projection.rs:922:10
    |
922 | async fn groups_for_items(
    |          ^^^^^^^^^^^^^^^^

warning: function `cohort_state` is never used
    --> crates/fireweed-turso/src/projection.rs:1351:10
     |
1351 | async fn cohort_state(
     |          ^^^^^^^^^^^^

warning: function `append_item_ids` is never used
    --> crates/fireweed-turso/src/projection.rs:1371:4
     |
1371 | fn append_item_ids(params: &mut Vec<Value>, ids: &[ItemId]) {
     |    ^^^^^^^^^^^^^^^

warning: function `execute_for_items` is never used
    --> crates/fireweed-turso/src/projection.rs:1375:10
     |
1375 | async fn execute_for_items<F>(
     |          ^^^^^^^^^^^^^^^^^

warning: function `update_item_schedules` is never used
    --> crates/fireweed-turso/src/projection.rs:1402:10
     |
1402 | async fn update_item_schedules(
     |          ^^^^^^^^^^^^^^^^^^^^^

warning: function `retry_info_by_item` is never used
    --> crates/fireweed-turso/src/projection.rs:1438:10
     |
1438 | async fn retry_info_by_item(
     |          ^^^^^^^^^^^^^^^^^^

warning: function `extend_claim_by_query_replays` is never used
    --> crates/fireweed-turso/src/projection.rs:1468:10
     |
1468 | async fn extend_claim_by_query_replays(
     |          ^^^^^^^^^^^^^^^^^^^^^^^^^^^^^

warning: function `select_item_claim_ids_on` is never used
    --> crates/fireweed-turso/src/projection.rs:2383:14
     |
2383 | pub async fn select_item_claim_ids_on(
     |              ^^^^^^^^^^^^^^^^^^^^^^^^

warning: `fireweed-turso` (lib) generated 29 warnings
    Checking fireweed v0.31.27 (/home/erik/Projects/fireweed/crates/fireweed)
error[E0433]: cannot find module or crate `blocking_backend` in this scope
    --> crates/fireweed/src/lib.rs:5864:18
     |
5864 |         Arc::new(blocking_backend::BlockingLibBackend::new(backend)?),
     |                  ^^^^^^^^^^^^^^^^ use of unresolved module or unlinked crate `blocking_backend`
     |
note: found an item that was configured out
    --> crates/fireweed/src/lib.rs:42:5
     |
  41 | #[cfg(any(feature = "objectlog", feature = "postgres", test))]
     |          --------------------------------------------------- the item is gated here
  42 | mod blocking_backend;
     |     ^^^^^^^^^^^^^^^^
help: to make use of source file crates/fireweed/src/blocking_backend.rs, use `mod blocking_backend` in this file to declare the module
     |
  32 + mod blocking_backend;
     |

warning: unused imports: `AtomicU64` and `Ordering`
  --> crates/fireweed/src/turso_compose.rs:14:25
   |
14 | use std::sync::atomic::{AtomicU64, Ordering};
   |                         ^^^^^^^^^  ^^^^^^^^
   |
   = note: `#[warn(unused_imports)]` (part of `#[warn(unused)]`) on by default

warning: unused import: `Instant`
  --> crates/fireweed/src/turso_compose.rs:16:27
   |
16 | use std::time::{Duration, Instant};
   |                           ^^^^^^^

warning: unused imports: `AsyncProjectionSpec`, `CLAIM_GENERATION_MAX_REQUESTS`, `ClaimCommand`, `ClaimCompatibility`, `ClaimDriverReadAdmission`, `ClaimQueueTurn`, `DEFAULT_BLOCKING_AXIS_IN_FLIGHT`, `DispatchError`, `ExpiredLeaseCursor`, `ExpiredLeasePage`, `FinalizeKind`, `IdempotencyDecision`, `MUTATION_SEQUENCER_DEFAULT_MAX_WAIT`, `MutationIngress`, `MutationSequencerKey`, `MutationSequencer`, `OwnedTaskFactory`, `PreparedClaim`, `PreparedClaimedResult`, `PreparedFinalize`, `PushFingerprint`, `RequestOutcome`, `S3S_DERIVED_COVERAGE_OR_WORK_WAIT`, `SelectionFenceAdmission`, `SelectionFenceDisposition`, `SelectionFence`, `SeparateReplayCommit`, `SharedDriverReadAdmission`, `TaskOutcomeError`, `TaskOutcomeSender`, `TaskOutcome`, `allocate_push_epoch_blob_and_counters`, `retain_sequencer_after_slot_release`, `selection_fence_disposition_for_commands`, `task_outcome_channel`, and `validate_inert_mutation_generation_folding`
  --> crates/fireweed/src/turso_compose.rs:26:20
   |
26 |     AsyncLogStore, AsyncProjectionSpec, AsyncProjectionStore, AsyncPurgeRequest, AsyncPushError,
   |                    ^^^^^^^^^^^^^^^^^^^
27 |     AsyncPushRequest, AsyncReclaimRequest, AsyncRenewRequest, Backend, BatchUpdatePort,
28 |     CLAIM_GENERATION_MAX_REQUESTS, ClaimCommand, ClaimCompatibility, ClaimDriverReadAdmission,
   |     ^^^^^^^^^^^^^^^^^^^^^^^^^^^^^  ^^^^^^^^^^^^  ^^^^^^^^^^^^^^^^^^  ^^^^^^^^^^^^^^^^^^^^^^^^
29 |     ClaimPort, ClaimQueueTurn, ClaimRequest, Claimed, CommandChecksum, CommandEnvelope,
   |                ^^^^^^^^^^^^^^
30 |     CommandPosition, ControlPlane, ControlPlaneStore, CoordinationError, CreateQueueOutcome,
31 |     DEFAULT_BLOCKING_AXIS_IN_FLIGHT, DispatchError, DurabilityClass, EngineError, EngineResult,
   |     ^^^^^^^^^^^^^^^^^^^^^^^^^^^^^^^  ^^^^^^^^^^^^^
32 |     ExpiredLeaseCursor, ExpiredLeasePage, FinalizeKind, FinalizeOutcome, FinalizePort,
   |     ^^^^^^^^^^^^^^^^^^  ^^^^^^^^^^^^^^^^  ^^^^^^^^^^^^
33 |     FinalizeTarget, GENERATION_MAX_ITEMS, HistoricalProjectionRead, HotProjectionQueryPort, IdGen,
34 |     IdempotencyDecision, InProcessControlPlane, InProcessLogStore, IndexQueryPort,
   |     ^^^^^^^^^^^^^^^^^^^
...
37 |     MUTATION_SEQUENCER_DEFAULT_MAX_WAIT, MutationDriverSnapshot, MutationGenerationMemberOutcome,
   |     ^^^^^^^^^^^^^^^^^^^^^^^^^^^^^^^^^^^
38 |     MutationGenerationWork, MutationIngress, MutationSequencer, MutationSequencerKey,
   |                             ^^^^^^^^^^^^^^^  ^^^^^^^^^^^^^^^^^  ^^^^^^^^^^^^^^^^^^^^
39 |     OutcomeReadAdmission, OwnedTask, OwnedTaskDispatcher, OwnedTaskFactory, PendingPage,
   |                                                           ^^^^^^^^^^^^^^^^
40 |     PendingSummary, PreparedClaim, PreparedClaimedResult, PreparedFinalize,
   |                     ^^^^^^^^^^^^^  ^^^^^^^^^^^^^^^^^^^^^  ^^^^^^^^^^^^^^^^
...
43 |     PushCommand, PushFingerprint, PushItem, PushPort, PushSpec, QueueCommand, QueueCounters,
   |                  ^^^^^^^^^^^^^^^
...
46 |     RenewTarget, ReplacePendingCommand, RequestOutcome, S3S_DERIVED_COVERAGE_OR_WORK_WAIT,
   |                                         ^^^^^^^^^^^^^^  ^^^^^^^^^^^^^^^^^^^^^^^^^^^^^^^^^
47 |     SelectionFence, SelectionFenceAdmission, SelectionFenceDisposition, SeparateReplayCommit,
   |     ^^^^^^^^^^^^^^  ^^^^^^^^^^^^^^^^^^^^^^^  ^^^^^^^^^^^^^^^^^^^^^^^^^  ^^^^^^^^^^^^^^^^^^^^
48 |     SeparateReplayCommitter, SeqIdGen, SetGatesPort, SharedDriverReadAdmission, SnapshotRef,
   |                                                      ^^^^^^^^^^^^^^^^^^^^^^^^^
49 |     SnapshotStore, TaskOutcome, TaskOutcomeError, TaskOutcomeSender, TerminalEmissionMetrics,
   |                    ^^^^^^^^^^^  ^^^^^^^^^^^^^^^^  ^^^^^^^^^^^^^^^^^
50 |     TickReport, UnifiedAtomicCommit, UnifiedAtomicCommitter, UpdateFieldsBatchCommand,
51 |     UpdateFieldsPort, UpsertOutcome, UpsertPort, allocate_push_epoch_blob_and_counters,
   |                                                  ^^^^^^^^^^^^^^^^^^^^^^^^^^^^^^^^^^^^^
52 |     retain_sequencer_after_slot_release, selection_fence_disposition_for_commands,
   |     ^^^^^^^^^^^^^^^^^^^^^^^^^^^^^^^^^^^  ^^^^^^^^^^^^^^^^^^^^^^^^^^^^^^^^^^^^^^^^
53 |     task_outcome_channel, validate_inert_mutation_generation_folding,
   |     ^^^^^^^^^^^^^^^^^^^^  ^^^^^^^^^^^^^^^^^^^^^^^^^^^^^^^^^^^^^^^^^^

warning: unused import: `materialize_grouped_cohort_claimed_on`
  --> crates/fireweed/src/turso_compose.rs:56:52
   |
56 | use fireweed_turso::{TursoConfig, TursoRelational, materialize_grouped_cohort_claimed_on};
   |                                                    ^^^^^^^^^^^^^^^^^^^^^^^^^^^^^^^^^^^^^

warning: unused import: `OwnedTaskDispatcher`
  --> crates/fireweed/src/turso_compose.rs:39:38
   |
39 |     OutcomeReadAdmission, OwnedTask, OwnedTaskDispatcher, OwnedTaskFactory, PendingPage,
   |                                      ^^^^^^^^^^^^^^^^^^^

warning: unused import: `AsyncCommitStrategy`
  --> crates/fireweed/src/turso_compose.rs:24:44
   |
24 |     AppendAdmissionClass, AsyncClaimError, AsyncCommitStrategy, AsyncCommitSubmitError,
   |                                            ^^^^^^^^^^^^^^^^^^^

warning: unused import: `SeparateReplayCommitter`
  --> crates/fireweed/src/turso_compose.rs:48:5
   |
48 |     SeparateReplayCommitter, SeqIdGen, SetGatesPort, SharedDriverReadAdmission, SnapshotRef,
   |     ^^^^^^^^^^^^^^^^^^^^^^^

warning: unused import: `ControlPlane`
  --> crates/fireweed/src/turso_compose.rs:30:22
   |
30 |     CommandPosition, ControlPlane, ControlPlaneStore, CoordinationError, CreateQueueOutcome,
   |                      ^^^^^^^^^^^^

For more information about this error, try `rustc --explain E0433`.
warning: `fireweed` (lib) generated 8 warnings
error: could not compile `fireweed` (lib) due to 1 previous error; 8 warnings emitted
