warning: methods `move_to_root` and `indexbtree_move_to_unpacked` are never used
    --> vendor/turso_core/storage/btree.rs:1463:8
     |
 841 | impl BTreeCursor {
     | ---------------- methods in this implementation
...
1463 |     fn move_to_root(&mut self) -> Result<Option<Completion>> {
     |        ^^^^^^^^^^^^
...
1749 |     fn indexbtree_move_to_unpacked(
     |        ^^^^^^^^^^^^^^^^^^^^^^^^^^^
     |
     = note: `#[warn(dead_code)]` (part of `#[warn(unused)]`) on by default

warning: function pointer comparisons do not produce meaningful results since their addresses are not guaranteed to be unique
   --> vendor/turso_core/types.rs:499:5
    |
494 | #[derive(Debug, Clone, PartialEq)]
    |                        --------- in this derive macro expansion
...
499 |     pub step_fn: StepFunction,
    |     ^^^^^^^^^^^^^^^^^^^^^^^^^
    |
    = note: the address of the same function can vary between different codegen units
    = note: furthermore, different functions could have the same address after being merged together
    = note: for more information visit <https://doc.rust-lang.org/nightly/core/ptr/fn.fn_addr_eq.html>
    = note: `#[warn(unpredictable_function_pointer_comparisons)]` on by default

warning: function pointer comparisons do not produce meaningful results since their addresses are not guaranteed to be unique
   --> vendor/turso_core/types.rs:500:5
    |
494 | #[derive(Debug, Clone, PartialEq)]
    |                        --------- in this derive macro expansion
...
500 |     pub finalize_fn: FinalizeFunction,
    |     ^^^^^^^^^^^^^^^^^^^^^^^^^^^^^^^^^
    |
    = note: the address of the same function can vary between different codegen units
    = note: furthermore, different functions could have the same address after being merged together
    = note: for more information visit <https://doc.rust-lang.org/nightly/core/ptr/fn.fn_addr_eq.html>

warning: function pointer comparisons do not produce meaningful results since their addresses are not guaranteed to be unique
   --> vendor/turso_core/types.rs:501:5
    |
494 | #[derive(Debug, Clone, PartialEq)]
    |                        --------- in this derive macro expansion
...
501 |     pub aggregate_destructor: Option<ContextDestructor>,
    |     ^^^^^^^^^^^^^^^^^^^^^^^^^^^^^^^^^^^^^^^^^^^^^^^^^^^
    |
    = note: the address of the same function can vary between different codegen units
    = note: furthermore, different functions could have the same address after being merged together
    = note: for more information visit <https://doc.rust-lang.org/nightly/core/ptr/fn.fn_addr_eq.html>

warning: function pointer comparisons do not produce meaningful results since their addresses are not guaranteed to be unique
   --> vendor/turso_core/types.rs:502:5
    |
494 | #[derive(Debug, Clone, PartialEq)]
    |                        --------- in this derive macro expansion
...
502 |     pub value_destructor: Option<ValueDestructor>,
    |     ^^^^^^^^^^^^^^^^^^^^^^^^^^^^^^^^^^^^^^^^^^^^^
    |
    = note: the address of the same function can vary between different codegen units
    = note: furthermore, different functions could have the same address after being merged together
    = note: for more information visit <https://doc.rust-lang.org/nightly/core/ptr/fn.fn_addr_eq.html>

warning: hiding a lifetime that's elided elsewhere is confusing
  --> vendor/turso_core/vector/operations/text.rs:67:56
   |
67 | pub fn vector_from_text(vector_type: VectorType, text: &str) -> Result<Vector> {
   |                                                        ^^^^            ^^^^^^ the same lifetime is hidden here
   |                                                        |
   |                                                        the lifetime is elided here
   |
   = help: the same lifetime is referred to in inconsistent ways, making the signature confusing
   = note: `#[warn(mismatched_lifetime_syntaxes)]` on by default
help: use `'_` for type paths
   |
67 | pub fn vector_from_text(vector_type: VectorType, text: &str) -> Result<Vector<'_>> {
   |                                                                              ++++

warning: `turso_core` (lib) generated 6 warnings (run `cargo fix --lib -p turso_core` to apply 1 suggestion)
warning: unused import: `DatabaseRowMutation`
  --> vendor/turso_sync_engine/src/database_sync_operations.rs:37:55
   |
37 |         parse_bin_record, Coro, DatabasePullRevision, DatabaseRowMutation,
   |                                                       ^^^^^^^^^^^^^^^^^^^
   |
   = note: `#[warn(unused_imports)]` (part of `#[warn(unused)]`) on by default

warning: `turso_sync_engine` (lib) generated 1 warning (run `cargo fix --lib -p turso_sync_engine` to apply 1 suggestion)
warning: hiding a lifetime that's elided elsewhere is confusing
   --> vendor/turso_sync_sdk_kit/src/sync_engine_io.rs:211:14
    |
211 |     fn inner(&self) -> turso_sync_engine::Result<MutexGuard<SyncEngineIoCompletionInner<TBytes>>> {
    |              ^^^^^ the lifetime is elided here   ^^^^^^^^^^^^^^^^^^^^^^^^^^^^^^^^^^^^^^^^^^^^^^^ the same lifetime is hidden here
    |
    = help: the same lifetime is referred to in inconsistent ways, making the signature confusing
    = note: `#[warn(mismatched_lifetime_syntaxes)]` on by default
help: use `'_` for type paths
    |
211 |     fn inner(&self) -> turso_sync_engine::Result<MutexGuard<'_, SyncEngineIoCompletionInner<TBytes>>> {
    |                                                             +++

warning: `turso_sync_sdk_kit` (lib) generated 1 warning (run `cargo fix --lib -p turso_sync_sdk_kit` to apply 1 suggestion)
   Compiling fireweed-turso v0.31.27 (/home/erik/Projects/fireweed/crates/fireweed-turso)
warning: function `cohort_id_for` is never used
   --> crates/fireweed-turso/src/projection.rs:399:4
    |
399 | fn cohort_id_for(group_key: &str, now: i64) -> String {
    |    ^^^^^^^^^^^^^
    |
    = note: `#[warn(dead_code)]` (part of `#[warn(unused)]`) on by default

warning: function `cohort_retention_until` is never used
   --> crates/fireweed-turso/src/projection.rs:403:4
    |
403 | fn cohort_retention_until(definition: &QueueDefinition, now: i64) -> i64 {
    |    ^^^^^^^^^^^^^^^^^^^^^^

warning: constant `GATE_UNBLOCK_WRITE_CHUNK` is never used
   --> crates/fireweed-turso/src/projection.rs:434:7
    |
434 | const GATE_UNBLOCK_WRITE_CHUNK: usize = 898; // tenant + queue + 898 gate binds = 900
    |       ^^^^^^^^^^^^^^^^^^^^^^^^

warning: constant `CURSOR_UPDATE_CHUNK` is never used
   --> crates/fireweed-turso/src/projection.rs:437:7
    |
437 | const CURSOR_UPDATE_CHUNK: usize = 225; // 225 * 4 row binds = 900
    |       ^^^^^^^^^^^^^^^^^^^

warning: constant `API001_UPDATE_CHUNK` is never used
   --> crates/fireweed-turso/src/projection.rs:438:7
    |
438 | const API001_UPDATE_CHUNK: usize = 89; // tenant + queue + 89 * 10 row binds = 892
    |       ^^^^^^^^^^^^^^^^^^^

warning: constant `API001_GATE_DELETE_CHUNK` is never used
   --> crates/fireweed-turso/src/projection.rs:439:7
    |
439 | const API001_GATE_DELETE_CHUNK: usize = 898; // tenant + queue + 898 item binds = 900
    |       ^^^^^^^^^^^^^^^^^^^^^^^^

warning: function `check_typed_unique_conflicts` is never used
   --> crates/fireweed-turso/src/projection.rs:512:10
    |
512 | async fn check_typed_unique_conflicts(
    |          ^^^^^^^^^^^^^^^^^^^^^^^^^^^^

warning: function `insert_typed_index_rows` is never used
   --> crates/fireweed-turso/src/projection.rs:557:10
    |
557 | async fn insert_typed_index_rows(
    |          ^^^^^^^^^^^^^^^^^^^^^^^

warning: function `delete_typed_index_rows` is never used
   --> crates/fireweed-turso/src/projection.rs:592:10
    |
592 | async fn delete_typed_index_rows(
    |          ^^^^^^^^^^^^^^^^^^^^^^^

warning: function `replace_typed_indexes_for_entity` is never used
   --> crates/fireweed-turso/src/projection.rs:608:10
    |
608 | async fn replace_typed_indexes_for_entity(
    |          ^^^^^^^^^^^^^^^^^^^^^^^^^^^^^^^^

warning: function `upsert_cohorts` is never used
   --> crates/fireweed-turso/src/projection.rs:717:10
    |
717 | async fn upsert_cohorts(
    |          ^^^^^^^^^^^^^^

warning: function `cohort_item_ids` is never used
   --> crates/fireweed-turso/src/projection.rs:895:10
    |
895 | async fn cohort_item_ids(
    |          ^^^^^^^^^^^^^^^

warning: function `groups_for_items` is never used
   --> crates/fireweed-turso/src/projection.rs:933:10
    |
933 | async fn groups_for_items(
    |          ^^^^^^^^^^^^^^^^

warning: function `cohort_state` is never used
    --> crates/fireweed-turso/src/projection.rs:1362:10
     |
1362 | async fn cohort_state(
     |          ^^^^^^^^^^^^

warning: function `append_item_ids` is never used
    --> crates/fireweed-turso/src/projection.rs:1382:4
     |
1382 | fn append_item_ids(params: &mut Vec<Value>, ids: &[ItemId]) {
     |    ^^^^^^^^^^^^^^^

warning: function `execute_for_items` is never used
    --> crates/fireweed-turso/src/projection.rs:1386:10
     |
1386 | async fn execute_for_items<F>(
     |          ^^^^^^^^^^^^^^^^^

warning: function `update_item_schedules` is never used
    --> crates/fireweed-turso/src/projection.rs:1413:10
     |
1413 | async fn update_item_schedules(
     |          ^^^^^^^^^^^^^^^^^^^^^

warning: function `retry_info_by_item` is never used
    --> crates/fireweed-turso/src/projection.rs:1449:10
     |
1449 | async fn retry_info_by_item(
     |          ^^^^^^^^^^^^^^^^^^

warning: function `extend_claim_by_query_replays` is never used
    --> crates/fireweed-turso/src/projection.rs:1479:10
     |
1479 | async fn extend_claim_by_query_replays(
     |          ^^^^^^^^^^^^^^^^^^^^^^^^^^^^^

warning: `fireweed-turso` (lib test) generated 19 warnings
    Finished `release` profile [optimized] target(s) in 1m 26s
     Running unittests src/lib.rs (target/release/deps/fireweed_turso-ce522c9f831af745)

running 1 test
retained_replacement shape=joined resident=20000 plan=["SCAN incoming", "SEARCH target USING INDEX sqlite_autoindex_fireweed_items_1 (tenant_id=? AND queue_id=? AND item_id=?)", "SEARCH fireweed_items USING INTEGER PRIMARY KEY (rowid=?)"]
retained_replacement shape=joined resident=20000 updates=160000 measured_s=3.116938 updates_per_s=51332.44
retained_replacement shape=direct resident=20000 plan=["SEARCH fireweed_items USING INDEX sqlite_autoindex_fireweed_items_1 (tenant_id=? AND queue_id=?)", "SCAN incoming"]
retained_replacement shape=direct rejected_unbounded_plan=true
retained_replacement shape=direct_analyzed resident=20000 plan=["SEARCH fireweed_items USING INDEX sqlite_autoindex_fireweed_items_1 (tenant_id=? AND queue_id=?)", "SCAN incoming"]
retained_replacement shape=direct_analyzed rejected_unbounded_plan=true
retained_replacement shape=direct_analyzed resident=20000 plan=["SEARCH fireweed_items USING INDEX sqlite_autoindex_fireweed_items_1 (tenant_id=? AND queue_id=?)", "SCAN incoming"]
retained_replacement shape=direct_analyzed rejected_unbounded_plan=true
retained_replacement shape=joined resident=20000 plan=["SCAN incoming", "SEARCH target USING INDEX sqlite_autoindex_fireweed_items_1 (tenant_id=? AND queue_id=? AND item_id=?)", "SEARCH fireweed_items USING INTEGER PRIMARY KEY (rowid=?)"]
retained_replacement shape=joined resident=20000 updates=160000 measured_s=3.159780 updates_per_s=50636.44
test projection::item_mutation_tests::compare_retained_direct_and_joined_replacements ... ok

test result: ok. 1 passed; 0 failed; 0 ignored; 0 measured; 56 filtered out; finished in 10.71s

