   Compiling num-integer v0.1.46
   Compiling generic-array v0.14.7
   Compiling getrandom v0.2.17
   Compiling cc v1.2.67
   Compiling libc v0.2.186
   Compiling subtle v2.6.1
   Compiling futures-core v0.3.32
   Compiling futures-sink v0.3.32
   Compiling slab v0.4.12
   Compiling rand_core v0.6.4
   Compiling futures-channel v0.3.32
   Compiling digest v0.11.3
   Compiling turso_core v0.7.2 (/home/erik/Projects/fireweed/vendor/turso_core)
   Compiling num-bigint v0.4.6
   Compiling num-iter v0.1.45
   Compiling sha2 v0.11.0
   Compiling time v0.3.53
   Compiling futures-util v0.3.32
   Compiling tokio v1.52.3
   Compiling crypto-common v0.1.7
   Compiling inout v0.1.4
   Compiling cipher v0.4.4
   Compiling universal-hash v0.5.1
   Compiling clang-sys v1.8.1
   Compiling polyval v0.6.2
   Compiling simsimd v6.5.16
   Compiling aegis v0.9.15
   Compiling ghash v0.5.1
   Compiling num-rational v0.4.2
   Compiling ctr v0.9.2
   Compiling aes v0.8.4
   Compiling num v0.4.3
   Compiling fraction v0.15.4
   Compiling aead v0.5.2
   Compiling aes-gcm v0.10.3
   Compiling bindgen v0.69.5
   Compiling jsonschema v0.28.3
   Compiling futures-executor v0.3.32
   Compiling bigdecimal v0.4.10
   Compiling futures v0.3.32
   Compiling tracing-appender v0.2.5
   Compiling axon-esf v0.3.2 (https://github.com/DocumentDrivenDX/axon?tag=v0.3.2#64d2bf60)
   Compiling fireweed-core v0.31.27 (/home/erik/Projects/fireweed/crates/fireweed-core)
   Compiling turso_sdk_kit v0.7.2 (/home/erik/Projects/fireweed/vendor/turso_sdk_kit)
   Compiling fireweed-engine v0.31.27 (/home/erik/Projects/fireweed/crates/fireweed-engine)
   Compiling fireweed-projection v0.31.27 (/home/erik/Projects/fireweed/crates/fireweed-projection)
   Compiling fireweed-relational v0.31.27 (/home/erik/Projects/fireweed/crates/fireweed-relational)
   Compiling fireweed-conformance v0.31.27 (/home/erik/Projects/fireweed/crates/fireweed-conformance)
warning: methods `move_to_root` and `indexbtree_move_to_unpacked` are never used
    --> vendor/turso_core/storage/btree.rs:1463:8
     |
 841 | impl BTreeCursor {
     | ---------------- methods in this implementation
...
1463 |     fn move_to_root(&mut self) -> Result<Option<Completion>> {
     |        ^^^^^^^^^^^^
...
1749 |     fn indexbtree_move_to_unpacked(
     |        ^^^^^^^^^^^^^^^^^^^^^^^^^^^
     |
     = note: `#[warn(dead_code)]` (part of `#[warn(unused)]`) on by default

warning: function pointer comparisons do not produce meaningful results since their addresses are not guaranteed to be unique
   --> vendor/turso_core/types.rs:499:5
    |
494 | #[derive(Debug, Clone, PartialEq)]
    |                        --------- in this derive macro expansion
...
499 |     pub step_fn: StepFunction,
    |     ^^^^^^^^^^^^^^^^^^^^^^^^^
    |
    = note: the address of the same function can vary between different codegen units
    = note: furthermore, different functions could have the same address after being merged together
    = note: for more information visit <https://doc.rust-lang.org/nightly/core/ptr/fn.fn_addr_eq.html>
    = note: `#[warn(unpredictable_function_pointer_comparisons)]` on by default

warning: function pointer comparisons do not produce meaningful results since their addresses are not guaranteed to be unique
   --> vendor/turso_core/types.rs:500:5
    |
494 | #[derive(Debug, Clone, PartialEq)]
    |                        --------- in this derive macro expansion
...
500 |     pub finalize_fn: FinalizeFunction,
    |     ^^^^^^^^^^^^^^^^^^^^^^^^^^^^^^^^^
    |
    = note: the address of the same function can vary between different codegen units
    = note: furthermore, different functions could have the same address after being merged together
    = note: for more information visit <https://doc.rust-lang.org/nightly/core/ptr/fn.fn_addr_eq.html>

warning: function pointer comparisons do not produce meaningful results since their addresses are not guaranteed to be unique
   --> vendor/turso_core/types.rs:501:5
    |
494 | #[derive(Debug, Clone, PartialEq)]
    |                        --------- in this derive macro expansion
...
501 |     pub aggregate_destructor: Option<ContextDestructor>,
    |     ^^^^^^^^^^^^^^^^^^^^^^^^^^^^^^^^^^^^^^^^^^^^^^^^^^^
    |
    = note: the address of the same function can vary between different codegen units
    = note: furthermore, different functions could have the same address after being merged together
    = note: for more information visit <https://doc.rust-lang.org/nightly/core/ptr/fn.fn_addr_eq.html>

warning: function pointer comparisons do not produce meaningful results since their addresses are not guaranteed to be unique
   --> vendor/turso_core/types.rs:502:5
    |
494 | #[derive(Debug, Clone, PartialEq)]
    |                        --------- in this derive macro expansion
...
502 |     pub value_destructor: Option<ValueDestructor>,
    |     ^^^^^^^^^^^^^^^^^^^^^^^^^^^^^^^^^^^^^^^^^^^^^
    |
    = note: the address of the same function can vary between different codegen units
    = note: furthermore, different functions could have the same address after being merged together
    = note: for more information visit <https://doc.rust-lang.org/nightly/core/ptr/fn.fn_addr_eq.html>

warning: hiding a lifetime that's elided elsewhere is confusing
  --> vendor/turso_core/vector/operations/text.rs:67:56
   |
67 | pub fn vector_from_text(vector_type: VectorType, text: &str) -> Result<Vector> {
   |                                                        ^^^^            ^^^^^^ the same lifetime is hidden here
   |                                                        |
   |                                                        the lifetime is elided here
   |
   = help: the same lifetime is referred to in inconsistent ways, making the signature confusing
   = note: `#[warn(mismatched_lifetime_syntaxes)]` on by default
help: use `'_` for type paths
   |
67 | pub fn vector_from_text(vector_type: VectorType, text: &str) -> Result<Vector<'_>> {
   |                                                                              ++++

   Compiling turso_sync_engine v0.7.2 (/home/erik/Projects/fireweed/vendor/turso_sync_engine)
warning: unused import: `DatabaseRowMutation`
  --> vendor/turso_sync_engine/src/database_sync_operations.rs:37:55
   |
37 |         parse_bin_record, Coro, DatabasePullRevision, DatabaseRowMutation,
   |                                                       ^^^^^^^^^^^^^^^^^^^
   |
   = note: `#[warn(unused_imports)]` (part of `#[warn(unused)]`) on by default

warning: `turso_sync_engine` (lib) generated 1 warning (run `cargo fix --lib -p turso_sync_engine` to apply 1 suggestion)
warning: `turso_core` (lib) generated 6 warnings (run `cargo fix --lib -p turso_core` to apply 1 suggestion)
   Compiling turso_sync_sdk_kit v0.7.2 (/home/erik/Projects/fireweed/vendor/turso_sync_sdk_kit)
warning: hiding a lifetime that's elided elsewhere is confusing
   --> vendor/turso_sync_sdk_kit/src/sync_engine_io.rs:211:14
    |
211 |     fn inner(&self) -> turso_sync_engine::Result<MutexGuard<SyncEngineIoCompletionInner<TBytes>>> {
    |              ^^^^^ the lifetime is elided here   ^^^^^^^^^^^^^^^^^^^^^^^^^^^^^^^^^^^^^^^^^^^^^^^ the same lifetime is hidden here
    |
    = help: the same lifetime is referred to in inconsistent ways, making the signature confusing
    = note: `#[warn(mismatched_lifetime_syntaxes)]` on by default
help: use `'_` for type paths
    |
211 |     fn inner(&self) -> turso_sync_engine::Result<MutexGuard<'_, SyncEngineIoCompletionInner<TBytes>>> {
    |                                                             +++

warning: `turso_sync_sdk_kit` (lib) generated 1 warning (run `cargo fix --lib -p turso_sync_sdk_kit` to apply 1 suggestion)
   Compiling turso v0.7.2 (/home/erik/Projects/fireweed/vendor/turso)
   Compiling fireweed-turso v0.31.27 (/home/erik/Projects/fireweed/crates/fireweed-turso)
warning: function `cohort_id_for` is never used
   --> crates/fireweed-turso/src/projection.rs:400:4
    |
400 | fn cohort_id_for(group_key: &str, now: i64) -> String {
    |    ^^^^^^^^^^^^^
    |
    = note: `#[warn(dead_code)]` (part of `#[warn(unused)]`) on by default

warning: function `cohort_retention_until` is never used
   --> crates/fireweed-turso/src/projection.rs:404:4
    |
404 | fn cohort_retention_until(definition: &QueueDefinition, now: i64) -> i64 {
    |    ^^^^^^^^^^^^^^^^^^^^^^

warning: constant `GATE_UNBLOCK_WRITE_CHUNK` is never used
   --> crates/fireweed-turso/src/projection.rs:435:7
    |
435 | const GATE_UNBLOCK_WRITE_CHUNK: usize = 898; // tenant + queue + 898 gate binds = 900
    |       ^^^^^^^^^^^^^^^^^^^^^^^^

warning: constant `CURSOR_UPDATE_CHUNK` is never used
   --> crates/fireweed-turso/src/projection.rs:438:7
    |
438 | const CURSOR_UPDATE_CHUNK: usize = 225; // 225 * 4 row binds = 900
    |       ^^^^^^^^^^^^^^^^^^^

warning: constant `API001_UPDATE_CHUNK` is never used
   --> crates/fireweed-turso/src/projection.rs:439:7
    |
439 | const API001_UPDATE_CHUNK: usize = 89; // tenant + queue + 89 * 10 row binds = 892
    |       ^^^^^^^^^^^^^^^^^^^

warning: constant `API001_GATE_DELETE_CHUNK` is never used
   --> crates/fireweed-turso/src/projection.rs:440:7
    |
440 | const API001_GATE_DELETE_CHUNK: usize = 898; // tenant + queue + 898 item binds = 900
    |       ^^^^^^^^^^^^^^^^^^^^^^^^

warning: function `check_typed_unique_conflicts` is never used
   --> crates/fireweed-turso/src/projection.rs:517:10
    |
517 | async fn check_typed_unique_conflicts(
    |          ^^^^^^^^^^^^^^^^^^^^^^^^^^^^

warning: function `insert_typed_index_rows` is never used
   --> crates/fireweed-turso/src/projection.rs:562:10
    |
562 | async fn insert_typed_index_rows(
    |          ^^^^^^^^^^^^^^^^^^^^^^^

warning: function `delete_typed_index_rows` is never used
   --> crates/fireweed-turso/src/projection.rs:597:10
    |
597 | async fn delete_typed_index_rows(
    |          ^^^^^^^^^^^^^^^^^^^^^^^

warning: function `replace_typed_indexes_for_entity` is never used
   --> crates/fireweed-turso/src/projection.rs:613:10
    |
613 | async fn replace_typed_indexes_for_entity(
    |          ^^^^^^^^^^^^^^^^^^^^^^^^^^^^^^^^

warning: function `upsert_cohorts` is never used
   --> crates/fireweed-turso/src/projection.rs:722:10
    |
722 | async fn upsert_cohorts(
    |          ^^^^^^^^^^^^^^

warning: function `cohort_item_ids` is never used
   --> crates/fireweed-turso/src/projection.rs:900:10
    |
900 | async fn cohort_item_ids(
    |          ^^^^^^^^^^^^^^^

warning: function `groups_for_items` is never used
   --> crates/fireweed-turso/src/projection.rs:938:10
    |
938 | async fn groups_for_items(
    |          ^^^^^^^^^^^^^^^^

warning: function `cohort_state` is never used
    --> crates/fireweed-turso/src/projection.rs:1367:10
     |
1367 | async fn cohort_state(
     |          ^^^^^^^^^^^^

warning: function `append_item_ids` is never used
    --> crates/fireweed-turso/src/projection.rs:1387:4
     |
1387 | fn append_item_ids(params: &mut Vec<Value>, ids: &[ItemId]) {
     |    ^^^^^^^^^^^^^^^

warning: function `execute_for_items` is never used
    --> crates/fireweed-turso/src/projection.rs:1391:10
     |
1391 | async fn execute_for_items<F>(
     |          ^^^^^^^^^^^^^^^^^

warning: function `update_item_schedules` is never used
    --> crates/fireweed-turso/src/projection.rs:1418:10
     |
1418 | async fn update_item_schedules(
     |          ^^^^^^^^^^^^^^^^^^^^^

warning: function `retry_info_by_item` is never used
    --> crates/fireweed-turso/src/projection.rs:1454:10
     |
1454 | async fn retry_info_by_item(
     |          ^^^^^^^^^^^^^^^^^^

warning: function `extend_claim_by_query_replays` is never used
    --> crates/fireweed-turso/src/projection.rs:1484:10
     |
1484 | async fn extend_claim_by_query_replays(
     |          ^^^^^^^^^^^^^^^^^^^^^^^^^^^^^

warning: `fireweed-turso` (lib test) generated 19 warnings
    Finished `release` profile [optimized] target(s) in 3m 46s
     Running unittests src/lib.rs (target/release/deps/fireweed_turso-ce522c9f831af745)

running 44 tests
test local::class_s_tests::class_s_claim_preserves_fields_metadata_and_entity ... ok
test local::class_s_tests::class_s_sequential_claims_are_disjoint ... ok
test local::class_s_tests::item_claim_microbatch_on_connection_splits_fifo_and_overwrites_tokens ... ok
test local::class_s_tests::reader_select_does_not_wait_on_held_immediate_writer ... ok
test local::class_s_tests::serving_reader_fifo_select_advances_floor_without_apply ... ok
test local::committed_pool_tests::busy_reads_map_to_retryable_pool_backpressure ... ok
test local::committed_pool_tests::committed_pools_construct_isolated_connections ... ok
test local::committed_pool_tests::serving_peek_committed_borrows_outcome_pool_not_shared_reader ... ok
test local::committed_pool_tests::seventeen_outcome_readers_bound_to_two_waves_and_retry ... ok
test local::committed_pool_tests::twenty_four_pooled_committed_readers_do_not_restore_47b1a223_wal_freeze ... ok
test local::committed_reader_tests::committed_reader_pool_candidate_semantics_and_settings ... ok
test local::committed_reader_tests::in_memory_reader_preserves_turso_07_post_commit_freshness_mode ... ok
test local::committed_reader_tests::records_v03121_read_uncommitted_keyword_disposition ... ok
test local::committed_reader_tests::serving_reader_is_query_only_committed_and_nonblocking ... ok
test local::projection_checkpoint_config_tests::new_and_existing_files_use_their_actual_page_size ... ok
test metrics::tests::bounded_counts_seek_the_full_item_key ... ok
test metrics::tests::deltas_follow_actual_rows_and_rollback_atomically ... ok
test projection::addressed_query_tests::addressed_snapshot_uses_full_key_seeks_for_every_join ... ok
test projection::committed_pool_helper_tests::grouped_cohort_claim_materializes_before_append ... ok
test projection::committed_pool_helper_tests::post_publication_response_never_borrows_committed_pool ... ok
test projection::committed_pool_helper_tests::pre_position_outcome_helpers_accept_borrowed_connection ... ok
test projection::deterministic_cancellation_tests::queued_started_and_resolved_cancellation_cuts_do_not_strand_writer_or_outcome ... ok
test projection::item_mutation_tests::mutation_batch_conflict_rolls_back_every_item_and_cursor ... ok
test projection::item_mutation_tests::required_active_transition_invalidates_lease_and_purge_is_atomic ... ok
test projection::item_mutation_tests::resolved_mutation_is_durable_and_exact_replay_is_idempotent ... ok
test projection::lease_target_query_tests::lease_target_resolution_seeks_items_and_payloads_by_full_key ... ok
test projection::metrics_query_tests::lifecycle_counts_do_not_read_resident_rows ... ok
test projection::metrics_query_tests::lifecycle_counts_handle_empty_terminal_and_superseded_rows ... ok
test projection::ordered_claim_query_tests::eligibility_is_covered_before_full_key_materialization ... ok
test projection::push_batch_lowering_tests::accepted_push_statement_count_is_constant_within_item_chunk ... ok
test projection::push_batch_lowering_tests::group_summary_await_count_grows_only_at_bind_safe_chunk_boundaries ... ok
test projection::push_batch_lowering_tests::lease_validation_select_count_grows_only_at_bind_safe_chunk_boundaries ... ok
test projection::push_batch_lowering_tests::mutation_round_trips_scale_by_bind_chunks_not_input_cardinality ... ok
test projection::push_batch_lowering_tests::rich_claim_and_replay_lowering_is_set_based_and_request_bounded ... ok
test rebuildable_io::tests::omits_only_sync_and_preserves_lock_and_storage_errors ... ok
test rebuildable_io::tests::write_trace_preserves_results_and_accounts_for_blocking_and_errors ... ok
test runtime_isolation_tests::blocked_wal_commit_preserves_current_thread_runtime_progress ... ok
test runtime_isolation_tests::blocked_wal_commit_preserves_multi_thread_runtime_progress ... ok
test tx::apply_statement_reuse_tests::reused_writes_rebind_nulls_and_release_state_before_rollback ... ok
test tx::packed_authority_first_tests::packed_authority_first_claim_matches_solo_model_in_one_transaction ... ok
test tx::packed_authority_first_tests::packed_claim_run_then_complete_run_fuses_like_adjacent_pairs ... ok
test tx::packed_authority_first_tests::packed_complete_is_non_rejecting_and_mixed_vector_matches_model ... ok
test tx::packed_authority_first_tests::packed_update_fields_matches_solo_model_in_one_transaction ... ok
test tx::packed_authority_first_tests::purge_reclaims_payload_sidecars_across_cycles ... ok

test result: ok. 44 passed; 0 failed; 0 ignored; 0 measured; 0 filtered out; finished in 2.76s

