    Checking stable_deref_trait v1.2.1
    Checking memchr v2.8.2
    Checking serde_core v1.0.228
   Compiling libc v0.2.186
    Checking cfg-if v1.0.4
    Checking writeable v0.6.3
   Compiling syn v2.0.117
    Checking num-traits v0.2.19
    Checking litemap v0.8.2
    Checking utf8_iter v1.0.4
    Checking icu_properties_data v2.2.0
    Checking icu_normalizer_data v2.2.0
    Checking itoa v1.0.18
    Checking once_cell v1.21.4
    Checking smallvec v1.15.2
    Checking zerocopy v0.8.52
    Checking zmij v1.0.21
    Checking regex-syntax v0.8.11
    Checking aho-corasick v1.1.4
    Checking typenum v1.20.1
    Checking num-integer v0.1.46
    Checking num-bigint v0.4.6
    Checking getrandom v0.3.4
    Checking num-iter v0.1.45
    Checking num-complex v0.4.6
    Checking hybrid-array v0.4.12
    Checking uuid v1.23.4
    Checking lazy_static v1.5.0
   Compiling thiserror v2.0.18
    Checking pin-project-lite v0.2.17
    Checking uuid-simd v0.8.0
    Checking num-rational v0.4.2
    Checking base64 v0.22.1
    Checking crypto-common v0.2.2
    Checking block-buffer v0.12.1
   Compiling rustix v1.1.4
    Checking serde_json v1.0.150
    Checking serde_path_to_error v0.1.20
    Checking regex-automata v0.4.16
    Checking num v0.4.3
    Checking fraction v0.15.4
    Checking bitflags v2.13.0
    Checking rustc-hash v2.1.3
    Checking linux-raw-sys v0.12.1
    Checking getrandom v0.4.2
    Checking fastrand v2.4.1
    Checking digest v0.11.3
    Checking sha2 v0.11.0
   Compiling synstructure v0.13.2
   Compiling zerovec-derive v0.11.3
   Compiling displaydoc v0.2.6
   Compiling serde_derive v1.0.228
   Compiling ref-cast-impl v1.0.25
   Compiling thiserror-impl v2.0.18
   Compiling zerofrom-derive v0.1.7
   Compiling yoke-derive v0.8.2
    Checking ref-cast v1.0.25
   Compiling futures-macro v0.3.32
   Compiling tokio-macros v2.7.0
    Checking tempfile v3.27.0
    Checking zerofrom v0.1.8
    Checking fancy-regex v0.14.0
    Checking tokio v1.52.3
    Checking futures-util v0.3.32
    Checking cobs v0.3.0
    Checking yoke v0.8.3
    Checking zerovec v0.11.6
    Checking zerotrie v0.2.4
    Checking tinystr v0.8.3
    Checking potential_utf v0.1.5
    Checking icu_collections v2.2.0
    Checking icu_locale_core v2.2.0
    Checking serde v1.0.228
    Checking ahash v0.8.12
    Checking fluent-uri v0.3.2
    Checking email_address v0.2.9
    Checking bytes v1.12.1
    Checking postcard v1.1.3
    Checking icu_provider v2.2.0
    Checking icu_properties v2.2.0
    Checking icu_normalizer v2.2.0
    Checking referencing v0.28.3
    Checking futures-executor v0.3.32
    Checking futures v0.3.32
    Checking idna_adapter v1.2.2
    Checking idna v1.1.0
    Checking jsonschema v0.28.3
    Checking axon-esf v0.3.2 (https://github.com/DocumentDrivenDX/axon?tag=v0.3.2#64d2bf60)
    Checking fireweed-core v0.31.27 (/home/erik/Projects/fireweed/crates/fireweed-core)
    Checking fireweed-engine v0.31.27 (/home/erik/Projects/fireweed/crates/fireweed-engine)
    Checking fireweed-projection v0.31.27 (/home/erik/Projects/fireweed/crates/fireweed-projection)
    Checking fireweed-relational v0.31.27 (/home/erik/Projects/fireweed/crates/fireweed-relational)
    Checking fireweed-conformance v0.31.27 (/home/erik/Projects/fireweed/crates/fireweed-conformance)
    Checking fireweed-turso v0.31.27 (/home/erik/Projects/fireweed/crates/fireweed-turso)
    Finished `release` profile [optimized] target(s) in 12.75s
