warning: methods `move_to_root` and `indexbtree_move_to_unpacked` are never used
    --> vendor/turso_core/storage/btree.rs:1463:8
     |
 841 | impl BTreeCursor {
     | ---------------- methods in this implementation
...
1463 |     fn move_to_root(&mut self) -> Result<Option<Completion>> {
     |        ^^^^^^^^^^^^
...
1749 |     fn indexbtree_move_to_unpacked(
     |        ^^^^^^^^^^^^^^^^^^^^^^^^^^^
     |
     = note: `#[warn(dead_code)]` (part of `#[warn(unused)]`) on by default

warning: function pointer comparisons do not produce meaningful results since their addresses are not guaranteed to be unique
   --> vendor/turso_core/types.rs:499:5
    |
494 | #[derive(Debug, Clone, PartialEq)]
    |                        --------- in this derive macro expansion
...
499 |     pub step_fn: StepFunction,
    |     ^^^^^^^^^^^^^^^^^^^^^^^^^
    |
    = note: the address of the same function can vary between different codegen units
    = note: furthermore, different functions could have the same address after being merged together
    = note: for more information visit <https://doc.rust-lang.org/nightly/core/ptr/fn.fn_addr_eq.html>
    = note: `#[warn(unpredictable_function_pointer_comparisons)]` on by default

warning: function pointer comparisons do not produce meaningful results since their addresses are not guaranteed to be unique
   --> vendor/turso_core/types.rs:500:5
    |
494 | #[derive(Debug, Clone, PartialEq)]
    |                        --------- in this derive macro expansion
...
500 |     pub finalize_fn: FinalizeFunction,
    |     ^^^^^^^^^^^^^^^^^^^^^^^^^^^^^^^^^
    |
    = note: the address of the same function can vary between different codegen units
    = note: furthermore, different functions could have the same address after being merged together
    = note: for more information visit <https://doc.rust-lang.org/nightly/core/ptr/fn.fn_addr_eq.html>

warning: function pointer comparisons do not produce meaningful results since their addresses are not guaranteed to be unique
   --> vendor/turso_core/types.rs:501:5
    |
494 | #[derive(Debug, Clone, PartialEq)]
    |                        --------- in this derive macro expansion
...
501 |     pub aggregate_destructor: Option<ContextDestructor>,
    |     ^^^^^^^^^^^^^^^^^^^^^^^^^^^^^^^^^^^^^^^^^^^^^^^^^^^
    |
    = note: the address of the same function can vary between different codegen units
    = note: furthermore, different functions could have the same address after being merged together
    = note: for more information visit <https://doc.rust-lang.org/nightly/core/ptr/fn.fn_addr_eq.html>

warning: function pointer comparisons do not produce meaningful results since their addresses are not guaranteed to be unique
   --> vendor/turso_core/types.rs:502:5
    |
494 | #[derive(Debug, Clone, PartialEq)]
    |                        --------- in this derive macro expansion
...
502 |     pub value_destructor: Option<ValueDestructor>,
    |     ^^^^^^^^^^^^^^^^^^^^^^^^^^^^^^^^^^^^^^^^^^^^^
    |
    = note: the address of the same function can vary between different codegen units
    = note: furthermore, different functions could have the same address after being merged together
    = note: for more information visit <https://doc.rust-lang.org/nightly/core/ptr/fn.fn_addr_eq.html>

warning: hiding a lifetime that's elided elsewhere is confusing
  --> vendor/turso_core/vector/operations/text.rs:67:56
   |
67 | pub fn vector_from_text(vector_type: VectorType, text: &str) -> Result<Vector> {
   |                                                        ^^^^            ^^^^^^ the same lifetime is hidden here
   |                                                        |
   |                                                        the lifetime is elided here
   |
   = help: the same lifetime is referred to in inconsistent ways, making the signature confusing
   = note: `#[warn(mismatched_lifetime_syntaxes)]` on by default
help: use `'_` for type paths
   |
67 | pub fn vector_from_text(vector_type: VectorType, text: &str) -> Result<Vector<'_>> {
   |                                                                              ++++

warning: `turso_core` (lib) generated 6 warnings (run `cargo fix --lib -p turso_core` to apply 1 suggestion)
warning: unused import: `DatabaseRowMutation`
  --> vendor/turso_sync_engine/src/database_sync_operations.rs:37:55
   |
37 |         parse_bin_record, Coro, DatabasePullRevision, DatabaseRowMutation,
   |                                                       ^^^^^^^^^^^^^^^^^^^
   |
   = note: `#[warn(unused_imports)]` (part of `#[warn(unused)]`) on by default

warning: `turso_sync_engine` (lib) generated 1 warning (run `cargo fix --lib -p turso_sync_engine` to apply 1 suggestion)
warning: hiding a lifetime that's elided elsewhere is confusing
   --> vendor/turso_sync_sdk_kit/src/sync_engine_io.rs:211:14
    |
211 |     fn inner(&self) -> turso_sync_engine::Result<MutexGuard<SyncEngineIoCompletionInner<TBytes>>> {
    |              ^^^^^ the lifetime is elided here   ^^^^^^^^^^^^^^^^^^^^^^^^^^^^^^^^^^^^^^^^^^^^^^^ the same lifetime is hidden here
    |
    = help: the same lifetime is referred to in inconsistent ways, making the signature confusing
    = note: `#[warn(mismatched_lifetime_syntaxes)]` on by default
help: use `'_` for type paths
    |
211 |     fn inner(&self) -> turso_sync_engine::Result<MutexGuard<'_, SyncEngineIoCompletionInner<TBytes>>> {
    |                                                             +++

warning: `turso_sync_sdk_kit` (lib) generated 1 warning (run `cargo fix --lib -p turso_sync_sdk_kit` to apply 1 suggestion)
    Checking fireweed-turso v0.31.27 (/home/erik/Projects/fireweed/crates/fireweed-turso)
    Checking fireweed-objectlog v0.31.27 (/home/erik/Projects/fireweed/crates/fireweed-objectlog)
warning: function `cohort_id_for` is never used
   --> crates/fireweed-turso/src/projection.rs:388:4
    |
388 | fn cohort_id_for(group_key: &str, now: i64) -> String {
    |    ^^^^^^^^^^^^^
    |
    = note: `#[warn(dead_code)]` (part of `#[warn(unused)]`) on by default

warning: function `cohort_retention_until` is never used
   --> crates/fireweed-turso/src/projection.rs:392:4
    |
392 | fn cohort_retention_until(definition: &QueueDefinition, now: i64) -> i64 {
    |    ^^^^^^^^^^^^^^^^^^^^^^

warning: constant `PUSH_ITEM_CHUNK` is never used
   --> crates/fireweed-turso/src/projection.rs:410:7
    |
410 | const PUSH_ITEM_CHUNK: usize = 47; // 47 * 19 binds = 893
    |       ^^^^^^^^^^^^^^^

warning: constant `PUSH_GATE_CHUNK` is never used
   --> crates/fireweed-turso/src/projection.rs:411:7
    |
411 | const PUSH_GATE_CHUNK: usize = 225; // 225 * 4 binds = 900
    |       ^^^^^^^^^^^^^^^

warning: constant `COHORT_READ_CHUNK` is never used
   --> crates/fireweed-turso/src/projection.rs:418:7
    |
418 | const COHORT_READ_CHUNK: usize = 898; // tenant + queue + 898 group binds = 900
    |       ^^^^^^^^^^^^^^^^^

warning: constant `COHORT_GENERATION_WRITE_CHUNK` is never used
   --> crates/fireweed-turso/src/projection.rs:419:7
    |
419 | const COHORT_GENERATION_WRITE_CHUNK: usize = 90; // 90 * 10 row binds = 900
    |       ^^^^^^^^^^^^^^^^^^^^^^^^^^^^^

warning: constant `COHORT_ACTIVE_WRITE_CHUNK` is never used
   --> crates/fireweed-turso/src/projection.rs:420:7
    |
420 | const COHORT_ACTIVE_WRITE_CHUNK: usize = 224; // tenant + queue + 224 * 4 updates = 898
    |       ^^^^^^^^^^^^^^^^^^^^^^^^^

warning: constant `SCHEDULE_UPDATE_CHUNK` is never used
   --> crates/fireweed-turso/src/projection.rs:421:7
    |
421 | const SCHEDULE_UPDATE_CHUNK: usize = 299; // tenant + queue + 299 * 3 updates = 899
    |       ^^^^^^^^^^^^^^^^^^^^^

warning: constant `GATE_BLOCK_WRITE_CHUNK` is never used
   --> crates/fireweed-turso/src/projection.rs:422:7
    |
422 | const GATE_BLOCK_WRITE_CHUNK: usize = 300; // 300 * 3 row binds = 900
    |       ^^^^^^^^^^^^^^^^^^^^^^

warning: constant `GATE_UNBLOCK_WRITE_CHUNK` is never used
   --> crates/fireweed-turso/src/projection.rs:423:7
    |
423 | const GATE_UNBLOCK_WRITE_CHUNK: usize = 898; // tenant + queue + 898 gate binds = 900
    |       ^^^^^^^^^^^^^^^^^^^^^^^^

warning: constant `SIDE_RECORD_WRITE_CHUNK` is never used
   --> crates/fireweed-turso/src/projection.rs:424:7
    |
424 | const SIDE_RECORD_WRITE_CHUNK: usize = 225; // 225 * 4 row binds = 900
    |       ^^^^^^^^^^^^^^^^^^^^^^^

warning: constant `KEY_RETENTION_WRITE_CHUNK` is never used
   --> crates/fireweed-turso/src/projection.rs:425:7
    |
425 | const KEY_RETENTION_WRITE_CHUNK: usize = 180; // 180 * 5 row binds = 900
    |       ^^^^^^^^^^^^^^^^^^^^^^^^^

warning: constant `CURSOR_UPDATE_CHUNK` is never used
   --> crates/fireweed-turso/src/projection.rs:426:7
    |
426 | const CURSOR_UPDATE_CHUNK: usize = 225; // 225 * 4 row binds = 900
    |       ^^^^^^^^^^^^^^^^^^^

warning: constant `API001_UPDATE_CHUNK` is never used
   --> crates/fireweed-turso/src/projection.rs:427:7
    |
427 | const API001_UPDATE_CHUNK: usize = 89; // tenant + queue + 89 * 10 row binds = 892
    |       ^^^^^^^^^^^^^^^^^^^

warning: constant `API001_GATE_DELETE_CHUNK` is never used
   --> crates/fireweed-turso/src/projection.rs:428:7
    |
428 | const API001_GATE_DELETE_CHUNK: usize = 898; // tenant + queue + 898 item binds = 900
    |       ^^^^^^^^^^^^^^^^^^^^^^^^

warning: function `check_typed_unique_conflicts` is never used
   --> crates/fireweed-turso/src/projection.rs:501:10
    |
501 | async fn check_typed_unique_conflicts(
    |          ^^^^^^^^^^^^^^^^^^^^^^^^^^^^

warning: function `insert_typed_index_rows` is never used
   --> crates/fireweed-turso/src/projection.rs:546:10
    |
546 | async fn insert_typed_index_rows(
    |          ^^^^^^^^^^^^^^^^^^^^^^^

warning: function `delete_typed_index_rows` is never used
   --> crates/fireweed-turso/src/projection.rs:581:10
    |
581 | async fn delete_typed_index_rows(
    |          ^^^^^^^^^^^^^^^^^^^^^^^

warning: function `replace_typed_indexes_for_entity` is never used
   --> crates/fireweed-turso/src/projection.rs:597:10
    |
597 | async fn replace_typed_indexes_for_entity(
    |          ^^^^^^^^^^^^^^^^^^^^^^^^^^^^^^^^

warning: function `upsert_cohorts` is never used
   --> crates/fireweed-turso/src/projection.rs:706:10
    |
706 | async fn upsert_cohorts(
    |          ^^^^^^^^^^^^^^

warning: function `cohort_item_ids` is never used
   --> crates/fireweed-turso/src/projection.rs:884:10
    |
884 | async fn cohort_item_ids(
    |          ^^^^^^^^^^^^^^^

warning: function `groups_for_items` is never used
   --> crates/fireweed-turso/src/projection.rs:922:10
    |
922 | async fn groups_for_items(
    |          ^^^^^^^^^^^^^^^^

warning: function `cohort_state` is never used
    --> crates/fireweed-turso/src/projection.rs:1351:10
     |
1351 | async fn cohort_state(
     |          ^^^^^^^^^^^^

warning: function `append_item_ids` is never used
    --> crates/fireweed-turso/src/projection.rs:1371:4
     |
1371 | fn append_item_ids(params: &mut Vec<Value>, ids: &[ItemId]) {
     |    ^^^^^^^^^^^^^^^

warning: function `execute_for_items` is never used
    --> crates/fireweed-turso/src/projection.rs:1375:10
     |
1375 | async fn execute_for_items<F>(
     |          ^^^^^^^^^^^^^^^^^

warning: function `update_item_schedules` is never used
    --> crates/fireweed-turso/src/projection.rs:1402:10
     |
1402 | async fn update_item_schedules(
     |          ^^^^^^^^^^^^^^^^^^^^^

warning: function `retry_info_by_item` is never used
    --> crates/fireweed-turso/src/projection.rs:1438:10
     |
1438 | async fn retry_info_by_item(
     |          ^^^^^^^^^^^^^^^^^^

warning: function `extend_claim_by_query_replays` is never used
    --> crates/fireweed-turso/src/projection.rs:1468:10
     |
1468 | async fn extend_claim_by_query_replays(
     |          ^^^^^^^^^^^^^^^^^^^^^^^^^^^^^

warning: function `select_item_claim_ids_on` is never used
    --> crates/fireweed-turso/src/projection.rs:2383:14
     |
2383 | pub async fn select_item_claim_ids_on(
     |              ^^^^^^^^^^^^^^^^^^^^^^^^

warning: `fireweed-turso` (lib) generated 29 warnings
    Checking fireweed v0.31.27 (/home/erik/Projects/fireweed/crates/fireweed)
warning: unused import: `DEFAULT_BLOCKING_AXIS_IN_FLIGHT`
  --> crates/fireweed/src/turso_compose.rs:31:5
   |
31 |     DEFAULT_BLOCKING_AXIS_IN_FLIGHT, DispatchError, DurabilityClass, EngineError, EngineResult,
   |     ^^^^^^^^^^^^^^^^^^^^^^^^^^^^^^^
   |
   = note: `#[warn(unused_imports)]` (part of `#[warn(unused)]`) on by default

warning: unused import: `RequestId`
    --> crates/fireweed/src/lib.rs:7123:68
     |
7123 |         LogConfig, NewItem, ProjectionStoreConfig, RecoveryPolicy, RequestId, ResponseBarrier,
     |                                                                    ^^^^^^^^^

warning: unused import: `WorkerId`
 --> crates/fireweed-turso/tests/local_relational.rs:9:53
  |
9 |     RequestId, RetryPolicy, TenantId, UtcTimestamp, WorkerId,
  |                                                     ^^^^^^^^
  |
  = note: `#[warn(unused_imports)]` (part of `#[warn(unused)]`) on by default

warning: unused imports: `FenceLeaseCommand`, `FinalizeTarget`, `GroupBatching`, `ReassignLeaseCommand`, `SetGatesCommand`, `UnfenceLeaseCommand`, and `WriteSideRecordsCommand`
  --> crates/fireweed-turso/tests/local_relational.rs:14:63
   |
14 |     CommandEnvelope, CommandId, CommandPosition, EngineError, FenceLeaseCommand, FinalizeCommand,
   |                                                               ^^^^^^^^^^^^^^^^^
15 |     FinalizeKind, FinalizeOutcome, FinalizeTarget, GroupBatching, IdempotencyDecision,
   |                                    ^^^^^^^^^^^^^^  ^^^^^^^^^^^^^
16 |     LeaseExpiredCommand, PauseQueueCommand, PayloadUpdate, ProjectionStore, PurgeItemsCommand,
17 |     PushCommand, PushFingerprint, PushItem, QueueCommand, QueueKey, ReassignLeaseCommand,
   |                                                                     ^^^^^^^^^^^^^^^^^^^^
18 |     RenewLeaseCommand, ReplacePendingCommand, RequestOutcome, ScheduleUpdate, SetGatesCommand,
   |                                                                               ^^^^^^^^^^^^^^^
19 |     UnfenceLeaseCommand, UpdateFieldsCommand, WriteSideRecordsCommand,
   |     ^^^^^^^^^^^^^^^^^^^                       ^^^^^^^^^^^^^^^^^^^^^^^

warning: unused import: `ProjectionStore`
  --> crates/fireweed-turso/tests/local_relational.rs:16:60
   |
16 |     LeaseExpiredCommand, PauseQueueCommand, PayloadUpdate, ProjectionStore, PurgeItemsCommand,
   |                                                            ^^^^^^^^^^^^^^^

warning: function `apply_async_pair` is never used
    --> crates/fireweed-turso/tests/local_relational.rs:1531:10
     |
1531 | async fn apply_async_pair(
     |          ^^^^^^^^^^^^^^^^
     |
     = note: `#[warn(dead_code)]` (part of `#[warn(unused)]`) on by default

warning: function `assert_rich_selection_matches` is never used
    --> crates/fireweed-turso/tests/local_relational.rs:1540:10
     |
1540 | async fn assert_rich_selection_matches(
     |          ^^^^^^^^^^^^^^^^^^^^^^^^^^^^^

warning: `fireweed-turso` (test "local_relational") generated 5 warnings (run `cargo fix --test "local_relational" -p fireweed-turso` to apply 2 suggestions)
warning: `fireweed-turso` (lib test) generated 19 warnings (19 duplicates)
warning: function `objectlog_recover_definitions` is never used
    --> crates/fireweed/src/lib.rs:2864:4
     |
2864 | fn objectlog_recover_definitions(
     |    ^^^^^^^^^^^^^^^^^^^^^^^^^^^^^
     |
     = note: `#[warn(dead_code)]` (part of `#[warn(unused)]`) on by default

warning: function `objectlog_high_water` is never used
    --> crates/fireweed/src/lib.rs:2872:4
     |
2872 | fn objectlog_high_water(
     |    ^^^^^^^^^^^^^^^^^^^^

warning: function `s3_provider_from_composed` is never used
    --> crates/fireweed/src/lib.rs:6435:4
     |
6435 | fn s3_provider_from_composed(config: &ComposedStorageConfig) -> EngineResult<S3ComposedProvider> {
     |    ^^^^^^^^^^^^^^^^^^^^^^^^^

warning: function `map_turso_storage` is never used
   --> crates/fireweed/src/turso_compose.rs:131:4
    |
131 | fn map_turso_storage(error: impl std::fmt::Display) -> EngineError {
    |    ^^^^^^^^^^^^^^^^^

warning: constant `CLAIM_SELECT_EXCLUDE_CAP` is never used
   --> crates/fireweed/src/turso_compose.rs:263:7
    |
263 | const CLAIM_SELECT_EXCLUDE_CAP: usize =
    |       ^^^^^^^^^^^^^^^^^^^^^^^^

warning: `fireweed` (lib) generated 6 warnings (run `cargo fix --lib -p fireweed` to apply 1 suggestion)
    Checking fireweed-workload v0.31.27 (/home/erik/Projects/fireweed/crates/fireweed-workload)
warning: unexpected `cfg` condition value: `sqlite`
  --> crates/fireweed/tests/request_id_idempotency.rs:51:7
   |
51 | #[cfg(feature = "sqlite")]
   |       ^^^^^^^^^^^^^^^^^^
   |
   = note: expected values for `feature` are: `default`, `memory`, `objectlog`, `postgres`, and `turso`
   = help: consider adding `sqlite` as a feature in `Cargo.toml`
   = note: see <https://doc.rust-lang.org/nightly/rustc/check-cfg/cargo-specifics.html> for more information about checking conditional configuration
   = note: `#[warn(unexpected_cfgs)]` on by default

warning: unexpected `cfg` condition value: `sqlite`
   --> crates/fireweed/tests/request_id_idempotency.rs:161:7
    |
161 | #[cfg(feature = "sqlite")]
    |       ^^^^^^^^^^^^^^^^^^
    |
    = note: expected values for `feature` are: `default`, `memory`, `objectlog`, `postgres`, and `turso`
    = help: consider adding `sqlite` as a feature in `Cargo.toml`
    = note: see <https://doc.rust-lang.org/nightly/rustc/check-cfg/cargo-specifics.html> for more information about checking conditional configuration

warning: unexpected `cfg` condition value: `sqlite`
   --> crates/fireweed/tests/request_id_idempotency.rs:249:7
    |
249 | #[cfg(feature = "sqlite")]
    |       ^^^^^^^^^^^^^^^^^^
    |
    = note: expected values for `feature` are: `default`, `memory`, `objectlog`, `postgres`, and `turso`
    = help: consider adding `sqlite` as a feature in `Cargo.toml`
    = note: see <https://doc.rust-lang.org/nightly/rustc/check-cfg/cargo-specifics.html> for more information about checking conditional configuration

warning: unexpected `cfg` condition value: `sqlite`
   --> crates/fireweed/tests/support/ss_capacity.rs:130:11
    |
130 |     #[cfg(feature = "sqlite")]
    |           ^^^^^^^^^^^^^^^^^^
    |
    = note: expected values for `feature` are: `default`, `memory`, `objectlog`, `postgres`, and `turso`
    = help: consider adding `sqlite` as a feature in `Cargo.toml`
    = note: see <https://doc.rust-lang.org/nightly/rustc/check-cfg/cargo-specifics.html> for more information about checking conditional configuration
    = note: `#[warn(unexpected_cfgs)]` on by default

warning: unexpected `cfg` condition value: `sqlite`
   --> crates/fireweed/tests/support/ss_capacity.rs:186:23
    |
186 |                 #[cfg(feature = "sqlite")]
    |                       ^^^^^^^^^^^^^^^^^^
    |
    = note: expected values for `feature` are: `default`, `memory`, `objectlog`, `postgres`, and `turso`
    = help: consider adding `sqlite` as a feature in `Cargo.toml`
    = note: see <https://doc.rust-lang.org/nightly/rustc/check-cfg/cargo-specifics.html> for more information about checking conditional configuration

warning: unexpected `cfg` condition value: `sqlite`
   --> crates/fireweed/tests/support/ss_capacity.rs:204:27
    |
204 |                 #[cfg(not(feature = "sqlite"))]
    |                           ^^^^^^^^^^^^^^^^^^
    |
    = note: expected values for `feature` are: `default`, `memory`, `objectlog`, `postgres`, and `turso`
    = help: consider adding `sqlite` as a feature in `Cargo.toml`
    = note: see <https://doc.rust-lang.org/nightly/rustc/check-cfg/cargo-specifics.html> for more information about checking conditional configuration

warning: unexpected `cfg` condition value: `sqlite`
   --> crates/fireweed/tests/support/ss_capacity.rs:222:19
    |
222 |             #[cfg(feature = "sqlite")]
    |                   ^^^^^^^^^^^^^^^^^^
    |
    = note: expected values for `feature` are: `default`, `memory`, `objectlog`, `postgres`, and `turso`
    = help: consider adding `sqlite` as a feature in `Cargo.toml`
    = note: see <https://doc.rust-lang.org/nightly/rustc/check-cfg/cargo-specifics.html> for more information about checking conditional configuration

warning: unexpected `cfg` condition value: `sqlite`
   --> crates/fireweed/tests/support/ss_capacity.rs:232:19
    |
232 |             #[cfg(feature = "sqlite")]
    |                   ^^^^^^^^^^^^^^^^^^
    |
    = note: expected values for `feature` are: `default`, `memory`, `objectlog`, `postgres`, and `turso`
    = help: consider adding `sqlite` as a feature in `Cargo.toml`
    = note: see <https://doc.rust-lang.org/nightly/rustc/check-cfg/cargo-specifics.html> for more information about checking conditional configuration

warning: unexpected `cfg` condition value: `sqlite`
   --> crates/fireweed/tests/support/ss_capacity.rs:242:19
    |
242 |             #[cfg(feature = "sqlite")]
    |                   ^^^^^^^^^^^^^^^^^^
    |
    = note: expected values for `feature` are: `default`, `memory`, `objectlog`, `postgres`, and `turso`
    = help: consider adding `sqlite` as a feature in `Cargo.toml`
    = note: see <https://doc.rust-lang.org/nightly/rustc/check-cfg/cargo-specifics.html> for more information about checking conditional configuration

warning: unexpected `cfg` condition value: `sqlite`
   --> crates/fireweed/tests/support/ss_capacity.rs:254:19
    |
254 |             #[cfg(feature = "sqlite")]
    |                   ^^^^^^^^^^^^^^^^^^
    |
    = note: expected values for `feature` are: `default`, `memory`, `objectlog`, `postgres`, and `turso`
    = help: consider adding `sqlite` as a feature in `Cargo.toml`
    = note: see <https://doc.rust-lang.org/nightly/rustc/check-cfg/cargo-specifics.html> for more information about checking conditional configuration

warning: unexpected `cfg` condition value: `sqlite`
   --> crates/fireweed/tests/support/ss_capacity.rs:294:19
    |
294 |             #[cfg(feature = "sqlite")]
    |                   ^^^^^^^^^^^^^^^^^^
    |
    = note: expected values for `feature` are: `default`, `memory`, `objectlog`, `postgres`, and `turso`
    = help: consider adding `sqlite` as a feature in `Cargo.toml`
    = note: see <https://doc.rust-lang.org/nightly/rustc/check-cfg/cargo-specifics.html> for more information about checking conditional configuration

warning: unexpected `cfg` condition value: `sqlite`
   --> crates/fireweed/tests/support/ss_capacity.rs:322:19
    |
322 |             #[cfg(feature = "sqlite")]
    |                   ^^^^^^^^^^^^^^^^^^
    |
    = note: expected values for `feature` are: `default`, `memory`, `objectlog`, `postgres`, and `turso`
    = help: consider adding `sqlite` as a feature in `Cargo.toml`
    = note: see <https://doc.rust-lang.org/nightly/rustc/check-cfg/cargo-specifics.html> for more information about checking conditional configuration

warning: unexpected `cfg` condition value: `sqlite`
   --> crates/fireweed/tests/support/ss_capacity.rs:348:19
    |
348 |             #[cfg(feature = "sqlite")]
    |                   ^^^^^^^^^^^^^^^^^^
    |
    = note: expected values for `feature` are: `default`, `memory`, `objectlog`, `postgres`, and `turso`
    = help: consider adding `sqlite` as a feature in `Cargo.toml`
    = note: see <https://doc.rust-lang.org/nightly/rustc/check-cfg/cargo-specifics.html> for more information about checking conditional configuration

warning: unexpected `cfg` condition value: `sqlite`
   --> crates/fireweed/tests/support/ss_capacity.rs:362:19
    |
362 |             #[cfg(feature = "sqlite")]
    |                   ^^^^^^^^^^^^^^^^^^
    |
    = note: expected values for `feature` are: `default`, `memory`, `objectlog`, `postgres`, and `turso`
    = help: consider adding `sqlite` as a feature in `Cargo.toml`
    = note: see <https://doc.rust-lang.org/nightly/rustc/check-cfg/cargo-specifics.html> for more information about checking conditional configuration

error[E0425]: cannot find function `open_sqlite` in crate `fireweed`
   --> crates/fireweed/tests/p7n_non_s3_lifecycle_parity.rs:312:19
    |
312 |         fireweed::open_sqlite(
    |                   ^^^^^^^^^^^ not found in `fireweed`

error[E0425]: cannot find function `open_sqlite_relational` in crate `fireweed`
   --> crates/fireweed/tests/p7n_non_s3_lifecycle_parity.rs:325:19
    |
325 |         fireweed::open_sqlite_relational(
    |                   ^^^^^^^^^^^^^^^^^^^^^^ not found in `fireweed`

error[E0425]: cannot find function `open_objectlog_sqlite` in crate `fireweed`
    --> crates/fireweed/tests/p7n_non_s3_lifecycle_parity.rs:361:19
     |
 361 |           fireweed::open_objectlog_sqlite(cfg, Arc::new(SystemClock)).expect("open filesystem×sqlite")
     |                     ^^^^^^^^^^^^^^^^^^^^^
     |
    ::: crates/fireweed/src/lib.rs:6559:1
     |
6559 | / pub fn open_objectlog(
6560 | |     root: impl Into<std::path::PathBuf>,
6561 | |     clock: Arc<dyn Clock>,
6562 | | ) -> EngineResult<Fireweed> {
     | |___________________________- similarly named function `open_objectlog` defined here
     |
note: found an item that was configured out
    --> crates/fireweed/src/lib.rs:6920:8
     |
6919 | #[cfg(any())]
     |          -- the item is gated here
6920 | pub fn open_objectlog_sqlite(
     |        ^^^^^^^^^^^^^^^^^^^^^
help: a function with a similar name exists
     |
 361 -         fireweed::open_objectlog_sqlite(cfg, Arc::new(SystemClock)).expect("open filesystem×sqlite")
 361 +         fireweed::open_objectlog(cfg, Arc::new(SystemClock)).expect("open filesystem×sqlite")
     |

warning: `fireweed` (test "request_id_idempotency") generated 3 warnings
warning: unused imports: `ObjectLogAuthority`, `ObjectLogRuntimeConfig`, `ObjectLogStorage`, `ProjectionConfig`, `RecoveryAction`, `RecoveryPolicy`, `ResponseBarrier`, and `SegmentConfig`
  --> crates/fireweed/tests/item_mutation.rs:15:5
   |
15 |     ObjectLogAuthority, ObjectLogRuntimeConfig, ObjectLogStorage, ProjectionConfig, RecoveryAction,
   |     ^^^^^^^^^^^^^^^^^^  ^^^^^^^^^^^^^^^^^^^^^^  ^^^^^^^^^^^^^^^^  ^^^^^^^^^^^^^^^^  ^^^^^^^^^^^^^^
16 |     RecoveryPolicy, ResponseBarrier, SegmentConfig,
   |     ^^^^^^^^^^^^^^  ^^^^^^^^^^^^^^^  ^^^^^^^^^^^^^
   |
   = note: `#[warn(unused_imports)]` (part of `#[warn(unused)]`) on by default

warning: unexpected `cfg` condition value: `sqlite`
   --> crates/fireweed/tests/multi_queue_claim.rs:136:7
    |
136 | #[cfg(feature = "sqlite")]
    |       ^^^^^^^^^^^^^^^^^^
    |
    = note: expected values for `feature` are: `default`, `memory`, `objectlog`, `postgres`, and `turso`
    = help: consider adding `sqlite` as a feature in `Cargo.toml`
    = note: see <https://doc.rust-lang.org/nightly/rustc/check-cfg/cargo-specifics.html> for more information about checking conditional configuration
    = note: `#[warn(unexpected_cfgs)]` on by default

For more information about this error, try `rustc --explain E0425`.
error: could not compile `fireweed` (test "p7n_non_s3_lifecycle_parity") due to 3 previous errors
warning: build failed, waiting for other jobs to finish...
warning: `fireweed` (test "multi_queue_claim") generated 1 warning
error[E0425]: cannot find function `open_sqlite` in crate `fireweed`
   --> crates/fireweed/tests/p9n_non_s3_transaction_parity.rs:112:19
    |
112 |         fireweed::open_sqlite(
    |                   ^^^^^^^^^^^ not found in `fireweed`

error[E0425]: cannot find function `open_sqlite_relational` in crate `fireweed`
   --> crates/fireweed/tests/p9n_non_s3_transaction_parity.rs:125:19
    |
125 |         fireweed::open_sqlite_relational(
    |                   ^^^^^^^^^^^^^^^^^^^^^^ not found in `fireweed`

error[E0425]: cannot find function `open_objectlog_sqlite` in crate `fireweed`
    --> crates/fireweed/tests/p9n_non_s3_transaction_parity.rs:161:19
     |
 161 |           fireweed::open_objectlog_sqlite(cfg, Arc::new(SystemClock)).expect("open filesystem×sqlite")
     |                     ^^^^^^^^^^^^^^^^^^^^^
     |
    ::: crates/fireweed/src/lib.rs:6559:1
     |
6559 | / pub fn open_objectlog(
6560 | |     root: impl Into<std::path::PathBuf>,
6561 | |     clock: Arc<dyn Clock>,
6562 | | ) -> EngineResult<Fireweed> {
     | |___________________________- similarly named function `open_objectlog` defined here
     |
note: found an item that was configured out
    --> crates/fireweed/src/lib.rs:6920:8
     |
6919 | #[cfg(any())]
     |          -- the item is gated here
6920 | pub fn open_objectlog_sqlite(
     |        ^^^^^^^^^^^^^^^^^^^^^
help: a function with a similar name exists
     |
 161 -         fireweed::open_objectlog_sqlite(cfg, Arc::new(SystemClock)).expect("open filesystem×sqlite")
 161 +         fireweed::open_objectlog(cfg, Arc::new(SystemClock)).expect("open filesystem×sqlite")
     |

warning: unused imports: `PayloadUpdate` and `ScheduleUpdate`
  --> crates/fireweed/tests/support/public_interface.rs:20:86
   |
20 |     MultiQueueClaimTarget, MutationOutcome, Nack, NewItem, OrderField, OrderingMode, PayloadUpdate,
   |                                                                                      ^^^^^^^^^^^^^
...
24 |     ScheduleUpdate, SelectedMutation, SideRecord, SnapshotPolicy, SortDirection, TenantId,
   |     ^^^^^^^^^^^^^^
   |
   = note: `#[warn(unused_imports)]` (part of `#[warn(unused)]`) on by default

warning: `fireweed` (test "item_mutation") generated 1 warning (run `cargo fix --test "item_mutation" -p fireweed` to apply 1 suggestion)
warning: `fireweed` (test "ss_phased_capacity") generated 11 warnings
warning: `fireweed` (test "p9n_non_s3_transaction_parity") generated 1 warning
error: could not compile `fireweed` (test "p9n_non_s3_transaction_parity") due to 3 previous errors; 1 warning emitted
warning: method `test_buffered_group_commit_commands` is never used
    --> crates/fireweed/src/facade.rs:1092:19
     |
1030 | impl Fireweed {
     | ------------- method in this implementation
...
1092 |     pub(crate) fn test_buffered_group_commit_commands(&self) -> Option<usize> {
     |                   ^^^^^^^^^^^^^^^^^^^^^^^^^^^^^^^^^^^

warning: struct `FrozenClock` is never constructed
    --> crates/fireweed/src/lib.rs:7154:12
     |
7154 |     struct FrozenClock {
     |            ^^^^^^^^^^^

warning: `fireweed` (lib test) generated 8 warnings (5 duplicates) (run `cargo fix --lib -p fireweed --tests` to apply 1 suggestion)
