warning: function `cohort_id_for` is never used
   --> crates/fireweed-turso/src/projection.rs:361:4
    |
361 | fn cohort_id_for(group_key: &str, now: i64) -> String {
    |    ^^^^^^^^^^^^^
    |
    = note: `#[warn(dead_code)]` (part of `#[warn(unused)]`) on by default

warning: function `cohort_retention_until` is never used
   --> crates/fireweed-turso/src/projection.rs:365:4
    |
365 | fn cohort_retention_until(definition: &QueueDefinition, now: i64) -> i64 {
    |    ^^^^^^^^^^^^^^^^^^^^^^

warning: constant `PUSH_ITEM_CHUNK` is never used
   --> crates/fireweed-turso/src/projection.rs:383:7
    |
383 | const PUSH_ITEM_CHUNK: usize = 47; // 47 * 19 binds = 893
    |       ^^^^^^^^^^^^^^^

warning: constant `PUSH_GATE_CHUNK` is never used
   --> crates/fireweed-turso/src/projection.rs:384:7
    |
384 | const PUSH_GATE_CHUNK: usize = 225; // 225 * 4 binds = 900
    |       ^^^^^^^^^^^^^^^

warning: constant `COHORT_READ_CHUNK` is never used
   --> crates/fireweed-turso/src/projection.rs:391:7
    |
391 | const COHORT_READ_CHUNK: usize = 898; // tenant + queue + 898 group binds = 900
    |       ^^^^^^^^^^^^^^^^^

warning: constant `COHORT_GENERATION_WRITE_CHUNK` is never used
   --> crates/fireweed-turso/src/projection.rs:392:7
    |
392 | const COHORT_GENERATION_WRITE_CHUNK: usize = 90; // 90 * 10 row binds = 900
    |       ^^^^^^^^^^^^^^^^^^^^^^^^^^^^^

warning: constant `COHORT_ACTIVE_WRITE_CHUNK` is never used
   --> crates/fireweed-turso/src/projection.rs:393:7
    |
393 | const COHORT_ACTIVE_WRITE_CHUNK: usize = 224; // tenant + queue + 224 * 4 updates = 898
    |       ^^^^^^^^^^^^^^^^^^^^^^^^^

warning: constant `SCHEDULE_UPDATE_CHUNK` is never used
   --> crates/fireweed-turso/src/projection.rs:394:7
    |
394 | const SCHEDULE_UPDATE_CHUNK: usize = 299; // tenant + queue + 299 * 3 updates = 899
    |       ^^^^^^^^^^^^^^^^^^^^^

warning: constant `GATE_BLOCK_WRITE_CHUNK` is never used
   --> crates/fireweed-turso/src/projection.rs:395:7
    |
395 | const GATE_BLOCK_WRITE_CHUNK: usize = 300; // 300 * 3 row binds = 900
    |       ^^^^^^^^^^^^^^^^^^^^^^

warning: constant `GATE_UNBLOCK_WRITE_CHUNK` is never used
   --> crates/fireweed-turso/src/projection.rs:396:7
    |
396 | const GATE_UNBLOCK_WRITE_CHUNK: usize = 898; // tenant + queue + 898 gate binds = 900
    |       ^^^^^^^^^^^^^^^^^^^^^^^^

warning: constant `SIDE_RECORD_WRITE_CHUNK` is never used
   --> crates/fireweed-turso/src/projection.rs:397:7
    |
397 | const SIDE_RECORD_WRITE_CHUNK: usize = 225; // 225 * 4 row binds = 900
    |       ^^^^^^^^^^^^^^^^^^^^^^^

warning: constant `KEY_RETENTION_WRITE_CHUNK` is never used
   --> crates/fireweed-turso/src/projection.rs:398:7
    |
398 | const KEY_RETENTION_WRITE_CHUNK: usize = 180; // 180 * 5 row binds = 900
    |       ^^^^^^^^^^^^^^^^^^^^^^^^^

warning: constant `CURSOR_UPDATE_CHUNK` is never used
   --> crates/fireweed-turso/src/projection.rs:399:7
    |
399 | const CURSOR_UPDATE_CHUNK: usize = 225; // 225 * 4 row binds = 900
    |       ^^^^^^^^^^^^^^^^^^^

warning: constant `API001_UPDATE_CHUNK` is never used
   --> crates/fireweed-turso/src/projection.rs:400:7
    |
400 | const API001_UPDATE_CHUNK: usize = 89; // tenant + queue + 89 * 10 row binds = 892
    |       ^^^^^^^^^^^^^^^^^^^

warning: constant `API001_GATE_DELETE_CHUNK` is never used
   --> crates/fireweed-turso/src/projection.rs:401:7
    |
401 | const API001_GATE_DELETE_CHUNK: usize = 898; // tenant + queue + 898 item binds = 900
    |       ^^^^^^^^^^^^^^^^^^^^^^^^

warning: function `check_typed_unique_conflicts` is never used
   --> crates/fireweed-turso/src/projection.rs:475:10
    |
475 | async fn check_typed_unique_conflicts(
    |          ^^^^^^^^^^^^^^^^^^^^^^^^^^^^

warning: function `insert_typed_index_rows` is never used
   --> crates/fireweed-turso/src/projection.rs:520:10
    |
520 | async fn insert_typed_index_rows(
    |          ^^^^^^^^^^^^^^^^^^^^^^^

warning: function `delete_typed_index_rows` is never used
   --> crates/fireweed-turso/src/projection.rs:555:10
    |
555 | async fn delete_typed_index_rows(
    |          ^^^^^^^^^^^^^^^^^^^^^^^

warning: function `replace_typed_indexes_for_entity` is never used
   --> crates/fireweed-turso/src/projection.rs:571:10
    |
571 | async fn replace_typed_indexes_for_entity(
    |          ^^^^^^^^^^^^^^^^^^^^^^^^^^^^^^^^

warning: function `upsert_cohorts` is never used
   --> crates/fireweed-turso/src/projection.rs:680:10
    |
680 | async fn upsert_cohorts(
    |          ^^^^^^^^^^^^^^

warning: function `cohort_item_ids` is never used
   --> crates/fireweed-turso/src/projection.rs:858:10
    |
858 | async fn cohort_item_ids(
    |          ^^^^^^^^^^^^^^^

warning: function `groups_for_items` is never used
   --> crates/fireweed-turso/src/projection.rs:896:10
    |
896 | async fn groups_for_items(
    |          ^^^^^^^^^^^^^^^^

warning: function `cohort_state` is never used
    --> crates/fireweed-turso/src/projection.rs:1325:10
     |
1325 | async fn cohort_state(
     |          ^^^^^^^^^^^^

warning: function `append_item_ids` is never used
    --> crates/fireweed-turso/src/projection.rs:1345:4
     |
1345 | fn append_item_ids(params: &mut Vec<Value>, ids: &[ItemId]) {
     |    ^^^^^^^^^^^^^^^

warning: function `execute_for_items` is never used
    --> crates/fireweed-turso/src/projection.rs:1349:10
     |
1349 | async fn execute_for_items<F>(
     |          ^^^^^^^^^^^^^^^^^

warning: function `update_item_schedules` is never used
    --> crates/fireweed-turso/src/projection.rs:1376:10
     |
1376 | async fn update_item_schedules(
     |          ^^^^^^^^^^^^^^^^^^^^^

warning: function `retry_info_by_item` is never used
    --> crates/fireweed-turso/src/projection.rs:1412:10
     |
1412 | async fn retry_info_by_item(
     |          ^^^^^^^^^^^^^^^^^^

warning: function `extend_claim_by_query_replays` is never used
    --> crates/fireweed-turso/src/projection.rs:1442:10
     |
1442 | async fn extend_claim_by_query_replays(
     |          ^^^^^^^^^^^^^^^^^^^^^^^^^^^^^

warning: function `select_item_claim_ids_on` is never used
    --> crates/fireweed-turso/src/projection.rs:2173:14
     |
2173 | pub async fn select_item_claim_ids_on(
     |              ^^^^^^^^^^^^^^^^^^^^^^^^

warning: `fireweed-turso` (lib) generated 29 warnings
warning: unused import: `DEFAULT_BLOCKING_AXIS_IN_FLIGHT`
  --> crates/fireweed/src/turso_compose.rs:31:5
   |
31 |     DEFAULT_BLOCKING_AXIS_IN_FLIGHT, DispatchError, DurabilityClass, EngineError, EngineResult,
   |     ^^^^^^^^^^^^^^^^^^^^^^^^^^^^^^^
   |
   = note: `#[warn(unused_imports)]` (part of `#[warn(unused)]`) on by default

warning: function `objectlog_recover_definitions` is never used
    --> crates/fireweed/src/lib.rs:2864:4
     |
2864 | fn objectlog_recover_definitions(
     |    ^^^^^^^^^^^^^^^^^^^^^^^^^^^^^
     |
     = note: `#[warn(dead_code)]` (part of `#[warn(unused)]`) on by default

warning: function `objectlog_high_water` is never used
    --> crates/fireweed/src/lib.rs:2872:4
     |
2872 | fn objectlog_high_water(
     |    ^^^^^^^^^^^^^^^^^^^^

warning: function `s3_provider_from_composed` is never used
    --> crates/fireweed/src/lib.rs:6420:4
     |
6420 | fn s3_provider_from_composed(config: &ComposedStorageConfig) -> EngineResult<S3ComposedProvider> {
     |    ^^^^^^^^^^^^^^^^^^^^^^^^^

warning: function `map_turso_storage` is never used
   --> crates/fireweed/src/turso_compose.rs:131:4
    |
131 | fn map_turso_storage(error: impl std::fmt::Display) -> EngineError {
    |    ^^^^^^^^^^^^^^^^^

warning: constant `CLAIM_SELECT_EXCLUDE_CAP` is never used
   --> crates/fireweed/src/turso_compose.rs:232:7
    |
232 | const CLAIM_SELECT_EXCLUDE_CAP: usize =
    |       ^^^^^^^^^^^^^^^^^^^^^^^^

warning: `fireweed` (lib) generated 6 warnings (run `cargo fix --lib -p fireweed` to apply 1 suggestion)
   Compiling fireweed-workload v0.31.25 (/home/erik/Projects/fireweed/crates/fireweed-workload)
    Finished `release` profile [optimized] target(s) in 1.94s
     Running tests/contracts.rs (target/release/deps/contracts-2e392e676360cb43)

running 1 test
test immediate_retry_uses_the_acknowledged_claim_attempt_and_version ... FAILED

failures:

---- immediate_retry_uses_the_acknowledged_claim_attempt_and_version stdout ----

thread 'immediate_retry_uses_the_acknowledged_claim_attempt_and_version' (84931) panicked at crates/fireweed-workload/tests/contracts.rs:406:44:
called `Result::unwrap()` on an `Err` value: Storage("async projection poisoned: async projection apply failed 3 times: conflict")
note: run with `RUST_BACKTRACE=1` environment variable to display a backtrace


failures:
    immediate_retry_uses_the_acknowledged_claim_attempt_and_version

test result: FAILED. 0 passed; 1 failed; 0 ignored; 0 measured; 7 filtered out; finished in 0.79s

error: test failed, to rerun pass `-p fireweed-workload --test contracts`
